▲ Next.js 16.3.8 (Turbopack)
✓ Running next.config.ts took 47ms

  Creating an optimized production build ...
✓ Compiled successfully in 1060ms
  Running TypeScript ...
  Finished TypeScript in 6.0s ...
  Collecting page data using 3 workers ...
  Generating static pages using 3 workers (0/3) ...
✓ Generating static pages using 3 workers (3/3) in 217ms
  Finalizing page optimization ...

Route (app)
┌ ƒ /
├ ○ /_not-found
├ ƒ /api/auth/[...all]
├ ƒ /api/commands/[name]
├ ƒ /api/events
├ ƒ /api/export
├ ƒ /api/health
├ ƒ /api/kroger/callback
├ ƒ /api/kroger/connect
├ ƒ /api/kroger/status
├ ƒ /api/library
├ ƒ /api/nutrition/food/[fdcId]
├ ƒ /api/nutrition/search
├ ƒ /api/snapshot
├ ƒ /cook/[night]
├ ƒ /explore
├ ƒ /groceries
├ ƒ /household
├ ○ /login
├ ƒ /recipes
└ ƒ /recipes/[id]


○  (Static)   prerendered as static content
ƒ  (Dynamic)  server-rendered on demand

