baseline clean: tests/integration/plan.contract.test.ts -t "T10" (2 executed, exit 0)
baseline clean: tests/integration/plan.contract.test.ts -t "T08|T11|T22" (7 executed, exit 0)
baseline clean: tests/integration/plan.contract.test.ts -t "T12" (2 executed, exit 0)
baseline clean: tests/integration/groceries.contract.test.ts -t "T13|T14" (2 executed, exit 0)
baseline clean: tests/integration/groceries.contract.test.ts -t "X03" (2 executed, exit 0)
baseline clean: tests/integration/groceries.contract.test.ts -t "T16" (2 executed, exit 0)
baseline clean: tests/integration/groceries.contract.test.ts -t "T17" (2 executed, exit 0)
baseline clean: tests/integration/review-regressions.test.ts -t "R-F01" (5 executed, exit 0)
baseline clean: tests/integration/review-regressions.test.ts -t "R-F02" (6 executed, exit 0)
baseline clean: tests/integration/review-regressions.test.ts -t "R-F03" (2 executed, exit 0)
baseline clean: tests/integration/review-regressions.test.ts -t "R-F04" (4 executed, exit 0)
baseline clean: tests/integration/review-regressions.test.ts -t "R-F05" (4 executed, exit 0)
baseline clean: tests/integration/review-regressions.test.ts -t "R-F06" (3 executed, exit 0)
baseline clean: tests/integration/review-regressions.test.ts -t "R-F07" (3 executed, exit 0)
baseline clean: tests/integration/review-regressions.test.ts -t "R-F08" (2 executed, exit 0)
baseline clean: tests/integration/b3.received-goods.test.ts -t "B3" (2 executed, exit 0)
baseline clean: tests/integration/b12.staple-products.test.ts -t "B12d" (2 executed, exit 0)
baseline clean: tests/integration/b12.staple-products.test.ts -t "B12" (7 executed, exit 0)
baseline clean: tests/integration/b12.staple-products.test.ts -t "B12b" (1 executed, exit 0)
baseline clean: tests/integration/b12.staple-products.test.ts -t "B12e" (1 executed, exit 0)
baseline clean: tests/integration/b12.staple-products.test.ts -t "B12f" (1 executed, exit 0)
baseline clean: tests/integration/b16.staple-management.test.ts -t "Scenario A" (4 executed, exit 0)
baseline clean: tests/integration/b16.staple-management.test.ts -t "B16c" (1 executed, exit 0)
baseline clean: tests/integration/b16.staple-management.test.ts -t "Scenario C" (1 executed, exit 0)
baseline clean: tests/integration/b16.staple-management.test.ts -t "B16a" (1 executed, exit 0)
baseline clean: tests/integration/b16.staple-management.test.ts -t "re-pointing" (1 executed, exit 0)
baseline clean: tests/integration/b16.staple-management.test.ts -t "another household" (1 executed, exit 0)
baseline clean: tests/integration/b16.staple-management.test.ts -t "substitution decision" (1 executed, exit 0)
baseline clean: tests/integration/b17.recipes.test.ts -t "B17" (4 executed, exit 0)
baseline clean: tests/integration/b17.recipes.test.ts -t "RB17-03" (1 executed, exit 0)
baseline clean: tests/unit/recipe-rebase.test.ts -t "RB17" (19 executed, exit 0)
baseline clean: tests/integration/b16.staple-management.test.ts -t "Scenario B/E" (2 executed, exit 0)
baseline clean: tests/integration/b5.kroger-connection.test.ts -t "B5 authorization callback" (8 executed, exit 0)
baseline clean: tests/integration/b5.kroger-dispatch.test.ts -t "204" (1 executed, exit 0)
baseline clean: tests/integration/b5.kroger-dispatch.test.ts -t "never replayed" (4 executed, exit 0)
baseline clean: tests/integration/b5.kroger-dispatch.test.ts -t "readiness" (3 executed, exit 0)
baseline clean: tests/integration/b5.kroger-connection.test.ts -t "refresh coordination" (6 executed, exit 0)
baseline clean: tests/unit/fdc-normalize.test.ts -t "B7" (18 executed, exit 0)
baseline clean: tests/integration/b7.nutrition.test.ts -t "B7 changed since review" (1 executed, exit 0)
baseline clean: tests/integration/b7.nutrition.test.ts -t "B7 competing" (4 executed, exit 0)
baseline clean: tests/integration/b7.nutrition.test.ts -t "B7 nutrition never rewrites" (2 executed, exit 0)
baseline clean: tests/integration/b9.dispatch-overlap.test.ts -t "B9" (7 executed, exit 0)
baseline clean: tests/integration/b9.account-recovery.test.ts -t "B9" (2 executed, exit 0)
KILLED   blanket_week_conflict — 2/2 failed by assertion: both survive, neither restores other nights, groceries are recalculated | both survive, neither restores other nights, groceries are recalculated
KILLED   last_write_wins — 5/7 failed by assertion: reports the current Friday and stale draft from the snapshot before Apply; the old draft cannot apply | one commits; the other makes no accepted write and keeps its draft | one commits; the other makes no accepted write and keeps its draft
KILLED   stale_adoption — 1/2 failed by assertion: never restores an obsolete seven-day snapshot
KILLED   stale_send — 2/2 failed by assertion: shows the delta, keeps unaffected approvals, and stale Send makes zero outbound calls | changes current requirements but never the confirmed order; new chicken is not sent; stale Send makes zero calls
KILLED   approvals_not_consumed — 2/2 failed by assertion: concurrent sends of the same review produce one transfer (first wins) | concurrent sends of the same review produce one transfer (second wins)
KILLED   uncertain_as_unsent — 1/2 failed by assertion: is uncertain and never replayed automatically; granularity stays batch-level
KILLED   dispatch_superseded — 1/2 failed by assertion: superseded queued work is canceled before dispatch-started (other race order)
KILLED   F01_admission_skipped — 3/5 failed by assertion: R-F01a: an empty recipe collection yields a draft of seven open nights that cannot be adopted | R-F01b: too few eligible recipes leaves named open nights; adoption refused | R-F01c: a submitted proposal with an uncovered Thursday or missing plates is refused at the server
KILLED   F02_locked_group_dropped — 2/6 failed by assertion: R-F02a: a locked Thursday leftover keeps its Wednesday source through a whole-week adoption
KILLED   F03_place_skips_exclusions — 1/2 failed by assertion: R-F03a: placing a deferred dinner that now violates an exclusion is refused
KILLED   F04_order_hides_transfers — 3/4 failed by assertion: R-F04a: a transfer acknowledged after the order is still counted; the same demand is not offered again | R-F04b: 'contents unknown' does not clear an uncertain transfer hold | R-F04c: an acknowledged transfer stays counted when the order's contents are unknown, and is flagged
KILLED   F05_substitute_counts_as_original — 2/4 failed by assertion: R-F05a: an unvalidated substitution does not cover the original need | R-F05b: an unsuitable substitution leaves the need actionable; a suitable smaller one covers only its amount
KILLED   F06_enough_uses_current_demand — 1/3 failed by assertion: R-F06a: a concurrent increase cannot enlarge Alex's assertion (change first)
KILLED   F07_capture_into_confirmed_pickup — 1/3 failed by assertion: R-F07b: after this week's order is confirmed, a new need goes to the next pickup, not the confirmed order
KILLED   F08_single_week_recompute — 2/2 failed by assertion: R-F08a: a price change made from week B invalidates week A's old review; old Send makes zero calls | R-F08b: a product mapping change from week B reaches week A's quantities
KILLED   B3_extra_cost_reprices_history — 1/2 failed by assertion: labels and favors options that use received, unallocated goods; extra cost excludes goods already received
KILLED   B12_stale_staple_overwrites — 2/2 failed by assertion: B12d: concurrent approvals cannot silently overwrite a newer decision — Jon first | B12d: concurrent approvals cannot silently overwrite a newer decision — Alex first
KILLED   B12_tap_ignores_remembered_product — 3/7 failed by assertion: B12b: future one-tap requests use the latest approved product and usual quantity; the outstanding purchase and its approval are untouched | B12c: confirmed orders and transfers stay unchanged; later needs route to the next pickup with the new product
KILLED   B12_decision_swaps_outstanding_purchase — 1/1 failed by assertion: B12b: future one-tap requests use the latest approved product and usual quantity; the outstanding purchase and its approval are untouched
KILLED   B12_unavailable_product_substituted — 1/1 failed by assertion: B12e: unknown or unavailable products are refused, and a remembered product that is unavailable leaves the line unresolved
KILLED   B12_usual_quantity_overwrites_product — 1/1 failed by assertion: B12f: remembering a usual quantity never changes the remembered product
KILLED   B16_stale_edit_applied — 3/4 failed by assertion: Scenario A: concurrent edits of one staple — the first decision survives, the second sees a conflict with the current value — Jon first | Scenario A: concurrent edits of one staple — the first decision survives, the second sees a conflict with the current value — Alex first
KILLED   B16_stale_removal_applied — 1/4 failed by assertion: Scenario A: an edit racing a removal — whichever commits second is refused — Jon first
KILLED   B16_removed_staple_still_a_shortcut — 1/1 failed by assertion: B16c: removing hides the shortcut only; restore brings it back; a removed staple cannot be edited or re-pointed
KILLED   B16_removal_drops_grocery_need — 1/1 failed by assertion: Scenario C: removing a staple with outstanding demand removes its shortcut, not the grocery need
KILLED   B16_measured_amount_rounds_down — 1/1 failed by assertion: B16a: add, view, rename and set a usual amount in packages or a measured unit; future taps use it
KILLED   B16_repoint_keeps_old_package_count — 1/1 failed by assertion: re-pointing a staple with a measured usual amount re-expresses it in the new product's packages, or refuses an unconvertible product
KILLED   B15_product_choice_any_household_week — 1/1 failed by assertion: a product choice naming another household's week is refused without revealing that week's product
KILLED   B15_substitution_decision_overwritten — 1/1 failed by assertion: a substitution decision made against an older view is refused, not silently replaced
KILLED   B17_stale_recipe_version_stacked — 3/4 failed by assertion: two edits made from the same version: the first saves, the second is refused with who saved what — Jon first | two edits made from the same version: the first saves, the second is refused with who saved what — Alex first
KILLED   RB17_03_version_optional_again — 1/1 failed by assertion: RB17-03: an edit of an existing recipe must name its version; missing, malformed and stale ones write nothing
KILLED   RB17_01_untouched_field_reverted — 7/19 failed by assertion: takes the newer steps and reheat text for fields the member did not touch, and keeps the member's title | never reverts fields the editor does not show: summary, source label, ingredient form and note
KILLED   RB17_01_conflict_decided_silently — 4/19 failed by assertion: does not decide for the member when both changed the same field; the explicit choice is applied as made
KILLED   RB17_02_occurrences_collapsed — 1/19 failed by assertion: adding or removing one of several identical occurrences is counted
KILLED   RB17_01_undecided_field_dropped — 1/19 failed by assertion: an undecided field survives a later version that changes something else; Save stays held
KILLED   RB17_01_older_version_rebased — 1/19 failed by assertion: a version that is not newer than the draft's base is ignored (late or out-of-order responses)
KILLED   RB17_02_compared_by_display_name — 2/19 failed by assertion: a shared-list rename of an ingredient (same key) is not a recipe change; a different ingredient key is
KILLED   RB17_01_compared_unlike_stored — 2/19 failed by assertion: values a save would store identically are not changes: re-typed names, whitespace, unit spellings, number forms | an edit that comes back to the stored value is not unsaved, and does not turn the other member's change into a conflict
KILLED   B15_stale_product_choice_applied — 2/2 failed by assertion: Scenario B/E: two product choices for the same pickup line made against the same view — Jon first | Scenario B/E: two product choices for the same pickup line made against the same view — Alex first
KILLED   B5_replayed_state_accepted — 2/8 failed by assertion: a replayed state is refused with no exchange and nothing changed
KILLED   B5_ack_recorded_per_line — 1/1 failed by assertion: 204: one PUT built from the frozen batch bytes; approvals consumed once; batch-level acknowledgment only; no order
KILLED   B5_timeout_recorded_as_failed — 2/4 failed by assertion: a timeout is uncertain at batch level and never replayed
KILLED   B5_ready_without_activation — 1/3 failed by assertion: stays false with full credentials present and no activation; zero calls, nothing frozen
KILLED   B5_token_stored_in_plaintext — 1/8 failed by assertion: exchanges the code once with Basic auth and stores tokens sealed (raw columns hold no token)
KILLED   B5_refresh_not_coordinated — 3/6 failed by assertion: a failed refresh (400 invalid refresh token) marks needs_reauthorization once and never loops | a failed refresh (a timeout (the token may have been consumed)) marks needs_reauthorization once and never loops | a failed refresh (a 500) marks needs_reauthorization once and never loops
KILLED   B7_missing_kcal_becomes_zero — 5/18 failed by assertion: no 208 or 958: energy from 957; a missing nutrient is unknown, never zero; unit case is ignored
KILLED   B7_serving_treated_as_100g — 1/18 failed by assertion: a 30 g label serving is offered as a portion; default values stay per 100 g
KILLED   B7_ml_serving_as_grams — 1/18 failed by assertion: a serving in ml has no gram weight and leaves the per-100 basis unknown
KILLED   B7_digest_not_checked — 1/1 failed by assertion: values that differ from the reviewed ones are refused with nothing written; the new values can then be reviewed and used
KILLED   B7_stale_revision_accepted — 4/4 failed by assertion: two matches made from the same revision: the first wins, the second is refused stale with nothing written (jon-first) | a clear racing a match from the same revision: one wins, the other is refused stale (jon-first) | two matches made from the same revision: the first wins, the second is refused stale with nothing written (alex-first)
KILLED   B7_allergen_flag_set_from_fdc — 1/2 failed by assertion: nutrition data is not allergen clearance: allergen flags, tags and exclusions are untouched
KILLED   B9_late_outcome_overwrites_uncertain — 2/7 failed by assertion: an outcome that arrives after the transfer was marked uncertain never overwrites it
KILLED   B9_startup_recovers_live_sends — 1/7 failed by assertion: a process starting while another is still sending does not mark that transfer uncertain
KILLED   B9_dispatch_unbounded — 2/7 failed by assertion: a store that never answers becomes uncertain within the dispatch bound, and a later answer does not change it
KILLED   B9_no_running_sweep — 1/7 failed by assertion: while the server keeps running, the periodic sweep marks a send whose process stopped, without a restart
KILLED   B9_reset_keeps_sessions — 1/2 failed by assertion: replaces the member's password, ends that member's sessions, and leaves the other member alone
KILLED   B9_reset_any_account — 1/2 failed by assertion: refuses an unknown address, a non-member account and a short password, changing nothing
PASS: 57 killed, 0 survived, 0 error — logs in /tmp/table-verify-c19bd5a-20261008T141248Z/mutation
