
Running 128 tests using 1 worker

  ✓    1 [chromium] › tests/e2e/accessibility.spec.ts:47:1 › B14 keyboard only: Change opens a modal with focus inside, Tab is trapped, the page behind is inert, Escape closes without applying and focus returns (5.9s)
  ✓    2 [chromium] › tests/e2e/accessibility.spec.ts:117:1 › B14 closing never applies: Escape, Close and the backdrop discard typed facts; Apply and Cancel put focus somewhere sensible (4.7s)
  ✓    3 [chromium] › tests/e2e/accessibility.spec.ts:166:1 › B14 if the opener is gone when the sheet closes, focus lands on a surviving control, never on <body> (1.9s)
  ✓    4 [chromium] › tests/e2e/accessibility.spec.ts:183:1 › B14 names and states: each night's controls are distinct; plan status, stale previews, conflicts and outstanding groceries are identifiable (4.8s)
  ✓    5 [chromium] › tests/e2e/accessibility.spec.ts:222:1 › B14 announcements: one per real change; routine refetches, polls and own reads announce nothing; only one live region (21.7s)
  ✓    6 [chromium] › tests/e2e/accessibility.spec.ts:252:1 › B14 background and return with a stale preview open in the sheet: focus stays in the sheet, Apply stays disabled, discarding returns focus (4.8s)
  ✓    7 [chromium] › tests/e2e/accessibility.spec.ts:283:1 › B14 grocery review during a dinner change: the reviewer keeps focus, sees the delta, and hears it once (6.1s)
  ✓    8 [chromium] › tests/e2e/accessibility.spec.ts:308:3 › B14 sheet at 320px with 150% text: fits, scrolls inside itself, never under the nav or header (2.5s)
  ✓    9 [chromium] › tests/e2e/accessibility.spec.ts:308:3 › B14 sheet at 390px with 150% text: fits, scrolls inside itself, never under the nav or header (2.4s)
  ✓   10 [chromium] › tests/e2e/accessibility.spec.ts:342:1 › B14 reduced motion: the sheet does not animate when the member asks for reduced motion (2.6s)
  ✓   11 [chromium] › tests/e2e/b12.staples.spec.ts:8:1 › B12: Alex makes a different yogurt the usual; Jon sees it live; the purchase still needs its own approval (4.6s)
  ✓   12 [chromium] › tests/e2e/b15-b16.spec.ts:55:1 › B15 product dialog: keyboard, trapped focus, Escape saves nothing, field errors are attached, a new choice withdraws the approval (4.9s)
  ✓   13 [chromium] › tests/e2e/b15-b16.spec.ts:106:1 › B15 order confirmation is two deliberate steps; Escape and Back save nothing; field errors are attached; focus lands on the new order (5.8s)
  ✓   14 [chromium] › tests/e2e/b15-b16.spec.ts:161:1 › B15 receipts: substitute, 'does it work', and corrections are labelled dialogs (no prompt()), with field errors and append-only results (5.4s)
  ✓   15 [chromium] › tests/e2e/b15-b16.spec.ts:224:1 › B15 uncertain transfer: the cart check needs a deliberate choice, Escape records nothing, and states are worded (3.4s)
  ✓   16 [chromium] › tests/e2e/b15-b16.spec.ts:259:1 › B15 removing a request needs confirmation, and the safe choice has focus (4.0s)
  ✓   17 [chromium] › tests/e2e/b15-b16.spec.ts:294:1 › B15 unavailable and unresolved lines are named as such to a screen reader (2.5s)
  ✓   18 [chromium] › tests/e2e/b15-b16.spec.ts:322:3 › B15 dialogs at 320px with 150% text fit, scroll themselves, and stay clear of the nav; reduced motion is respected (2.8s)
  ✓   19 [chromium] › tests/e2e/b15-b16.spec.ts:322:3 › B15 dialogs at 390px with 150% text fit, scroll themselves, and stay clear of the nav; reduced motion is respected (2.3s)
  ✓   20 [chromium] › tests/e2e/b15-b16.spec.ts:374:3 › Scenario E: a product dialog open during the other member's change keeps typed work and focus, and shows the conflict — Jon changes first (4.3s)
  ✓   21 [chromium] › tests/e2e/b15-b16.spec.ts:374:3 › Scenario E: a product dialog open during the other member's change keeps typed work and focus, and shows the conflict — Alex changes first (4.4s)
  ✓   22 [chromium] › tests/e2e/b15-b16.spec.ts:417:1 › Scenario E (server side): a stale product choice sent anyway is refused with the current product (1.7s)
  ✓   23 [chromium] › tests/e2e/b15-b16.spec.ts:432:3 › Scenario A: both members edit the same staple; the first save survives, the second sees the conflict and the current value, then resubmits — Jon saves first (5.4s)
  ✓   24 [chromium] › tests/e2e/b15-b16.spec.ts:432:3 › Scenario A: both members edit the same staple; the first save survives, the second sees the conflict and the current value, then resubmits — Alex saves first (5.4s)
  ✓   25 [chromium] › tests/e2e/b15-b16.spec.ts:471:1 › B16 Household: add, rename, change amount and product, remove and restore by keyboard; availability shown; both members see it; the shortcut follows (8.0s)
  ✓   26 [chromium] › tests/e2e/b17-correction.spec.ts:54:3 › RB17-01: the other member's new steps and reheat text are shown and kept; only the title edit is applied — Jon wins (4.1s)
  ✓   27 [chromium] › tests/e2e/b17-correction.spec.ts:54:3 › RB17-01: the other member's new steps and reheat text are shown and kept; only the title edit is applied — Alex wins (4.3s)
  ✓   28 [chromium] › tests/e2e/b17-correction.spec.ts:91:1 › RB17-01: fields the editor does not show (summary, source, ingredient form/note) changed by a newer version survive a title-only save (4.3s)
  ✓   29 [chromium] › tests/e2e/b17-correction.spec.ts:122:3 › RB17-01: when both changed the steps, both full texts are shown and nothing is chosen for the member — keep mine (4.4s)
  ✓   30 [chromium] › tests/e2e/b17-correction.spec.ts:122:3 › RB17-01: when both changed the steps, both full texts are shown and nothing is chosen for the member — use theirs (4.3s)
  ✓   31 [chromium] › tests/e2e/b17-correction.spec.ts:151:1 › RB17-01: a third version after the member's decision is brought in again before Save; a stale decision cannot authorize the save (4.3s)
[2m[WebServer] [22m[31m[1m⨯[22m[39m error: deadlock detected
[2m[WebServer] [22m    at async m (.next/server/chunks/_1f_zthp._.js:1:5107)
[2m[WebServer] [22m    at async (.next/server/chunks/_1f_zthp._.js:1:4865)
[2m[WebServer] [22m    at async (.next/server/chunks/[root-of-the-server]__0vz2xaq._.js:3:5327)
[2m[WebServer] [22m    at async s (.next/server/chunks/[root-of-the-server]__0vz2xaq._.js:3:5181)
[2m[WebServer] [22m    at async s (.next/server/chunks/_1f_zthp._.js:9:1097)
[2m[WebServer] [22m    at async Q (.next/server/chunks/_1f_zthp._.js:9:4401) {
[2m[WebServer] [22m  length: [33m338[39m,
[2m[WebServer] [22m  severity: [32m'ERROR'[39m,
[2m[WebServer] [22m  code: [32m'40P01'[39m,
[2m[WebServer] [22m  detail: [32m'Process 23488 waits for AccessShareLock on relation 3132017 of database 2165050; blocked by process 23551.\n'[39m +
[2m[WebServer] [22m    [32m'Process 23551 waits for AccessExclusiveLock on relation 2165618 of database 2165050; blocked by process 23488.'[39m,
[2m[WebServer] [22m  hint: [32m'See server log for query details.'[39m,
[2m[WebServer] [22m  position: [32m'544'[39m,
[2m[WebServer] [22m  internalPosition: [90mundefined[39m,
[2m[WebServer] [22m  internalQuery: [90mundefined[39m,
[2m[WebServer] [22m  where: [90mundefined[39m,
[2m[WebServer] [22m  schema: [90mundefined[39m,
[2m[WebServer] [22m  table: [90mundefined[39m,
[2m[WebServer] [22m  column: [90mundefined[39m,
[2m[WebServer] [22m  dataType: [90mundefined[39m,
[2m[WebServer] [22m  constraint: [90mundefined[39m,
[2m[WebServer] [22m  file: [32m'deadlock.c'[39m,
[2m[WebServer] [22m  line: [32m'1130'[39m,
[2m[WebServer] [22m  routine: [32m'DeadLockReport'[39m
[2m[WebServer] [22m}
  ✓   32 [chromium] › tests/e2e/b17-correction.spec.ts:179:1 › RB17-02: two occurrences of one ingredient stay distinct; a change to the first is shown and both rows survive (5.2s)
  ✓   33 [chromium] › tests/e2e/b17-correction.spec.ts:210:1 › RB17-01: 'Start over' in a conflict replaces the whole draft with the current version and moves focus to the title (3.3s)
  ✓   34 [chromium] › tests/e2e/b17-correction.spec.ts:229:1 › RB17-01: a field left undecided stays undecided when a later version changes something else; Save stays held (4.1s)
  ✓   35 [chromium] › tests/e2e/b17-correction.spec.ts:258:1 › RB17-01/02: an ingredient conflict shows both full ingredient lists, including the other version's note, and saves the choice exactly (3.8s)
  ✓   36 [chromium] › tests/e2e/b17-correction.spec.ts:285:1 › RB17-01: focus stays on the ingredient field the member is on when a newer version's ingredients are brought in (4.0s)
  ✓   37 [chromium] › tests/e2e/b17-correction.spec.ts:305:1 › RB17-01: the member's own save is never reported as the other member's version (2.3s)
  ✓   38 [chromium] › tests/e2e/b17-household.spec.ts:42:1 › B17 settings: another member's save keeps what I typed, shows their values, holds Save until reviewed; my save lands on the reviewed revision (4.9s)
  ✓   39 [chromium] › tests/e2e/b17-household.spec.ts:103:1 › B17 settings: invalid budget, sessions and new-recipe limit are attached errors, the first takes focus, nothing is saved (2.6s)
  ✓   40 [chromium] › tests/e2e/b17-household.spec.ts:137:1 › B17 settings: a server rejection is a focused alert (2.1s)
  ✓   41 [chromium] › tests/e2e/b17-household.spec.ts:153:1 › B17 targets: distinct labels per scope, attached and focused errors, a valid save persists and is announced (2.4s)
  ✓   42 [chromium] › tests/e2e/b17-household.spec.ts:184:1 › B17 exclusions: empty term is an attached error, server rejection is shown, removal is a confirmation with Keep it as default (3.4s)
  ✓   43 [chromium] › tests/e2e/b17-household.spec.ts:248:1 › B17 ingredient review: no tags needs an explicit 'no allergen tags apply', else an attached error (2.3s)
  ✓   44 [chromium] › tests/e2e/b17-household.spec.ts:269:1 › B17 Household at 320px with 150% text: no horizontal overflow, errors and the exclusion dialog included (2.5s)
  ✓   45 [chromium] › tests/e2e/b17-plan-recipes.spec.ts:32:1 › B17 new recipe: a dialog with focus inside, per-row names, attached errors, row add/remove focus, and a discard guard (4.9s)
  ✓   46 [chromium] › tests/e2e/b17-plan-recipes.spec.ts:115:3 › B17 editing the same recipe: the second editor sees the new version, keeps typed work and focus, and saves on top only after review — Jon saves first (4.2s)
  ✓   47 [chromium] › tests/e2e/b17-plan-recipes.spec.ts:115:3 › B17 editing the same recipe: the second editor sees the new version, keeps typed work and focus, and saves on top only after review — Alex saves first (4.1s)
  ✓   48 [chromium] › tests/e2e/b17-plan-recipes.spec.ts:152:1 › B17 recipe lists: filter tabs are a real tablist; each row's controls are named by recipe; notes errors are attached (2.4s)
  ✓   49 [chromium] › tests/e2e/b17-plan-recipes.spec.ts:182:1 › B17 Explore and deferred dinners: distinct names, results reported, a placement preview takes focus (3.9s)
  ✓   50 [chromium] › tests/e2e/b17-plan-recipes.spec.ts:211:3 › B17 recipe editor at 320px with 150% text: fits, no sideways scroll, controls hittable (2.0s)
  ✓   51 [chromium] › tests/e2e/b17-plan-recipes.spec.ts:211:3 › B17 recipe editor at 390px with 150% text: fits, no sideways scroll, controls hittable (1.9s)
  ✓   52 [chromium] › tests/e2e/b17-plan-recipes.spec.ts:233:1 › B17 non-overlapping edits: the other member's added ingredient is brought into the draft and the member's title stands (4.5s)
  ✓   53 [chromium] › tests/e2e/b18-recipe-states.spec.ts:60:3 › B18 recipe editor conflict with long content at 320px, 150% text: full contents readable, decisions reachable in order (4.5s)
  ✓   54 [chromium] › tests/e2e/b18-recipe-states.spec.ts:98:3 › B18 recipe editor errors at 320px, 150% text: field and form errors and a newer version's long text are readable and attached, nothing clipped (4.3s)
  ✓   55 [chromium] › tests/e2e/b18-recipe-states.spec.ts:60:3 › B18 recipe editor conflict with long content at 320px, 200% text: full contents readable, decisions reachable in order (4.2s)
  ✓   56 [chromium] › tests/e2e/b18-recipe-states.spec.ts:98:3 › B18 recipe editor errors at 320px, 200% text: field and form errors and a newer version's long text are readable and attached, nothing clipped (3.9s)
[2m[WebServer] [22m[2m2026-10-08T18:36:20.016Z[0m [33mWARN[0m [1m[Better Auth]:[0m User not found
  ✓   57 [chromium] › tests/e2e/b18-text-scaling.spec.ts:315:5 › B18 at 320 px with 150% text › login, signed out (150%) (1.6s)
  ✓   58 [chromium] › tests/e2e/b18-text-scaling.spec.ts:331:5 › B18 at 320 px with 150% text › Week, Change sheet, proposal, Cook and Reheat (150%) (9.8s)
  ✓   59 [chromium] › tests/e2e/b18-text-scaling.spec.ts:371:5 › B18 at 320 px with 150% text › Explore, Our Recipes and recipe detail (150%) (7.4s)
  ✓   60 [chromium] › tests/e2e/b18-text-scaling.spec.ts:404:5 › B18 at 320 px with 150% text › recipe editor dialog, plain state (150%) (2.5s)
  ✓   61 [chromium] › tests/e2e/b18-text-scaling.spec.ts:414:5 › B18 at 320 px with 150% text › Groceries: lines, product, removal, order, receipts (150%) (21.9s)
  ✓   62 [chromium] › tests/e2e/b18-text-scaling.spec.ts:488:5 › B18 at 320 px with 150% text › Groceries: uncertain transfer and the cart check (150%) (6.5s)
  ✓   63 [chromium] › tests/e2e/b18-text-scaling.spec.ts:509:5 › B18 at 320 px with 150% text › Household: settings, conflict, targets, exclusions, ingredient review (150%) (19.3s)
  ✓   64 [chromium] › tests/e2e/b18-text-scaling.spec.ts:554:5 › B18 at 320 px with 150% text › Household: usual items and their dialogs, with a staple conflict (150%) (8.5s)
[2m[WebServer] [22m[2m2026-10-08T18:37:37.800Z[0m [33mWARN[0m [1m[Better Auth]:[0m User not found
  ✓   65 [chromium] › tests/e2e/b18-text-scaling.spec.ts:315:5 › B18 at 320 px with 200% text › login, signed out (200%) (1.6s)
  ✓   66 [chromium] › tests/e2e/b18-text-scaling.spec.ts:331:5 › B18 at 320 px with 200% text › Week, Change sheet, proposal, Cook and Reheat (200%) (9.0s)
  ✓   67 [chromium] › tests/e2e/b18-text-scaling.spec.ts:371:5 › B18 at 320 px with 200% text › Explore, Our Recipes and recipe detail (200%) (7.5s)
  ✓   68 [chromium] › tests/e2e/b18-text-scaling.spec.ts:404:5 › B18 at 320 px with 200% text › recipe editor dialog, plain state (200%) (2.3s)
  ✓   69 [chromium] › tests/e2e/b18-text-scaling.spec.ts:414:5 › B18 at 320 px with 200% text › Groceries: lines, product, removal, order, receipts (200%) (23.0s)
  ✓   70 [chromium] › tests/e2e/b18-text-scaling.spec.ts:488:5 › B18 at 320 px with 200% text › Groceries: uncertain transfer and the cart check (200%) (7.3s)
  ✓   71 [chromium] › tests/e2e/b18-text-scaling.spec.ts:509:5 › B18 at 320 px with 200% text › Household: settings, conflict, targets, exclusions, ingredient review (200%) (20.4s)
  ✓   72 [chromium] › tests/e2e/b18-text-scaling.spec.ts:554:5 › B18 at 320 px with 200% text › Household: usual items and their dialogs, with a staple conflict (200%) (8.8s)
  ✓   73 [chromium] › tests/e2e/b5-kroger.spec.ts:10:1 › B5: Kroger connect start follows the command route rules and stores nothing while not activated (2.6s)
  ✓   74 [chromium] › tests/e2e/b5-kroger.spec.ts:68:1 › B5 Household card: capabilities stated honestly (never live-verified), refused sign-in announced and focused, store id validated and saved (2.6s)
  ✓   75 [chromium] › tests/e2e/b5-kroger.spec.ts:91:1 › B5 Household card at 320 px with 200% text: readable, no sideways scroll, controls hittable (2.2s)
  ✓   76 [chromium] › tests/e2e/b7-nutrition.spec.ts:30:3 › not configured (no key on the server) › the status line and the dialog say lookup is not configured; nothing pretends to search (2.3s)
  ✓   77 [chromium] › tests/e2e/b7-nutrition.spec.ts:50:3 › not configured (no key on the server) › the browser bundle carries no key, key name or FoodData Central endpoint (59ms)
  ✓   78 [chromium] › tests/e2e/b7-nutrition.spec.ts:94:3 › with the labeled fixture transport › match review: search, candidate values per basis, deliberate form choice, confirm; the other member sees the new source live (5.2s)
  ✓   79 [chromium] › tests/e2e/b7-nutrition.spec.ts:141:3 › with the labeled fixture transport › error states are plain sentences, attached or focused, and change nothing (2.9s)
  ✓   80 [chromium] › tests/e2e/b7-nutrition.spec.ts:175:3 › with the labeled fixture transport › another member's change while reviewing is shown live and must be reviewed before saving (5.3s)
  ✓   81 [chromium] › tests/e2e/b7-nutrition.spec.ts:218:5 › with the labeled fixture transport › dialog states fit a 320 px phone at 150% text with focus kept visible (3.3s)
  ✓   82 [chromium] › tests/e2e/b7-nutrition.spec.ts:218:5 › with the labeled fixture transport › dialog states fit a 320 px phone at 200% text with focus kept visible (3.0s)
  ✓   83 [chromium] › tests/e2e/b9-overlap.spec.ts:27:1 › B9: a server process starting during another's in-flight send does not mark it uncertain; the first process records the answer (6.6s)
  ✓   84 [chromium] › tests/e2e/background-currency.spec.ts:11:1 › a refresh that completes while the app is in the background never marks it up to date; returning re-establishes first (3.0s)
  ✓   85 [chromium] › tests/e2e/cook-records.spec.ts:13:1 › Mark cooked records once; both members see who recorded it; a stale second press adds nothing; a correction is deliberate and reversible by recording again (4.6s)
  ✓   86 [chromium] › tests/e2e/first-slice.spec.ts:11:1 › T01: Jon previews Friday while Alex reviews groceries, then cancels — nothing accepted changes (4.1s)
  ✓   87 [chromium] › tests/e2e/first-slice.spec.ts:38:1 › T08: Alex changes Friday while Jon's Friday preview is open — Jon sees it without pressing Apply (4.4s)
  ✓   88 [chromium] › tests/e2e/first-slice.spec.ts:73:1 › T09: same as T08 while Jon's app is backgrounded; the newer decision and stale draft appear on return (4.7s)
  ✓   89 [chromium] › tests/e2e/first-slice.spec.ts:109:3 › T10: concurrent independent Friday and Sunday replacements — Jon (Sunday) commits first (5.1s)
  ✓   90 [chromium] › tests/e2e/first-slice.spec.ts:109:3 › T10: concurrent independent Friday and Sunday replacements — Alex (Friday) commits first (4.9s)
  ✓   91 [chromium] › tests/e2e/first-slice.spec.ts:141:3 › T11: concurrent replacements of Friday — Jon first (4.4s)
  ✓   92 [chromium] › tests/e2e/first-slice.spec.ts:141:3 › T11: concurrent replacements of Friday — Alex first (4.4s)
  ✓   93 [chromium] › tests/e2e/first-slice.spec.ts:169:1 › T12: adopting an old whole-week proposal after a newer accepted change stops and shows the current week (4.6s)
  ✓   94 [chromium] › tests/e2e/first-slice.spec.ts:199:1 › Reload preserves accepted state, previews and stale status (persistence, not browser memory) (5.2s)
  ✓   95 [chromium] › tests/e2e/first-slice.spec.ts:218:3 › T22: Wednesday and Thursday edits interact through the leftover source — Wednesday first (4.1s)
  ✓   96 [chromium] › tests/e2e/first-slice.spec.ts:218:3 › T22: Wednesday and Thursday edits interact through the leftover source — Thursday first (4.3s)
  ✓   97 [chromium] › tests/e2e/first-slice.spec.ts:243:1 › T15: a double-clicked Apply records one change (3.3s)
  ✓   98 [chromium] › tests/e2e/journey.spec.ts:10:1 › T02: Jon proposes, Alex adopts the displayed week; one accepted plan, no order/cooking/eating records (4.5s)
  ✓   99 [chromium] › tests/e2e/journey.spec.ts:34:1 › T03: Sounds good, preferences, favorites and notes persist without changing the accepted week (4.4s)
  ✓  100 [chromium] › tests/e2e/journey.spec.ts:62:1 › T04: a Wednesday preview shows Thursday's leftover consequence; a locked Thursday blocks it; cancel changes nothing (3.4s)
  ✓  101 [chromium] › tests/e2e/journey.spec.ts:86:1 › T05: dinners covered while a price is unknown — meals chosen, groceries and budget not asserted (2.0s)
  ✓  102 [chromium] › tests/e2e/journey.spec.ts:99:1 › T06: after adoption Home shows the next dinner and real work; Cook and Reheat open the right instructions; Also need is reachable (3.2s)
  ✓  103 [chromium] › tests/e2e/journey.spec.ts:131:1 › T07: less left than planned makes Thursday unresolved without replacing it (3.5s)
  ✓  104 [chromium] › tests/e2e/journey.spec.ts:147:1 › T13: Jon's Friday change reaches Alex's open grocery review as a delta; unaffected approvals stay; stale Send makes zero calls (5.1s)
  ✓  105 [chromium] › tests/e2e/journey.spec.ts:174:1 › T14/T20: simulated send, order confirmed with different contents, then a Friday change and receipt exceptions (6.4s)
  ✓  106 [chromium] › tests/e2e/journey.spec.ts:211:1 › T16: an uncertain transfer is shown as uncertain with a cart check, and is not resent (2.8s)
  ✓  107 [chromium] › tests/e2e/journey.spec.ts:226:1 › T18: repeated staple taps from Week, Groceries and Cook merge with names; an explicit extra stays extra (4.3s)
  ✓  108 [chromium] › tests/e2e/journey.spec.ts:250:1 › T21: editing a recipe in the library keeps the accepted dinner on its pinned version (2.5s)
  ✓  109 [chromium] › tests/e2e/ms-groceries.spec.ts:18:1 › GR-01/02/08: Jon switches to another store; Alex sees it live, the Send button goes, the list copies; meals and history are untouched (3.9s)
  ✓  110 [chromium] › tests/e2e/ms-groceries.spec.ts:50:1 › E2E-03: Where to shop and the list fit 320 px at 200% text, in light and dark (3.3s)
  ✓  111 [chromium] › tests/e2e/ms-groceries.spec.ts:103:3 › Instacart shopping list (fixture fake) › IC-01/02: a link is prepared — it opens Instacart, says nothing was ordered, and no cart batch or order exists; ZIP lookup shows brands only (4.3s)
  ✓  112 [chromium] › tests/e2e/ms-sources.spec.ts:16:1 › URL-01/02: a link saved by Jon appears once for Alex, attributed, with a working source link; nothing else changes (4.8s)
  ✓  113 [chromium] › tests/e2e/ms-sources.spec.ts:52:1 › URL-12: Jon reads a recipe page, decides the unclear lines, and only then creates the recipe; the source stays linked (3.6s)
  ✓  114 [chromium] › tests/e2e/ms-sources.spec.ts:88:1 › BB-01/02: the Budget Bytes lane links to the official index, lists only what you saved, and never reads the page (3.8s)
  ✓  115 [chromium] › tests/e2e/ms-sources.spec.ts:118:1 › E2E-03: Saved links and the import dialog fit 320 px at 200% text with no horizontal scroll (2.1s)
  ✓  116 [chromium] › tests/e2e/review-regressions.spec.ts:11:1 › R-F01-UI: an incomplete proposal is shown as a draft and cannot be adopted (UI and server) (2.0s)
  ✓  117 [chromium] › tests/e2e/review-regressions.spec.ts:30:1 › R-F07-UI: Also need works before next week's dinners are chosen, and both members see it (3.2s)
  ✓  118 [chromium] › tests/e2e/review-regressions.spec.ts:51:1 › R-F06-UI: Have enough records the amount shown on screen (2.1s)
  ✓  119 [chromium] › tests/e2e/review-regressions.spec.ts:63:1 › Header overlap: at phone width the sticky header never covers a night's controls, at the top or scrolled (2.5s)
  ✓  120 [chromium] › tests/e2e/ui-screens.spec.ts:23:5 › main views at 390 px, light theme (4.7s)
  ✓  121 [chromium] › tests/e2e/ui-screens.spec.ts:23:5 › main views at 320 px, light theme (4.7s)
  ✓  122 [chromium] › tests/e2e/ui-screens.spec.ts:23:5 › main views at 390 px, dark theme (4.5s)
  ✓  123 [chromium] › tests/e2e/ui-screens.spec.ts:23:5 › main views at 320 px, dark theme (4.7s)
  ✓  124 [chromium] › tests/e2e/x-checks.spec.ts:10:1 › X01: unauthenticated and other-household sessions cannot read or write this household (2.8s)
  ✓  125 [chromium] › tests/e2e/x-checks.spec.ts:47:1 › X10: discovery — focus-stable search, real sorts with an unknown group, opening the selected recipe, persisted notes (2.6s)
  ✓  126 [chromium] › tests/e2e/x-checks.spec.ts:75:1 › X11: narrow mobile layout, keyboard operation, text scaling, distinct identities (8.1s)
  ✓  127 [chromium] › tests/e2e/x-checks.spec.ts:142:3 › process restart › X02: server restart, missed events and a delayed older response cannot roll back accepted state (14.4s)
  ✓  128 [chromium] › tests/e2e/x-checks.spec.ts:177:3 › process restart › X05: the server dies after dispatch started; on restart the transfer is uncertain and never replayed (9.2s)

  128 passed (10.6m)
