
Running 72 tests using 1 worker

  ✓   1 [chromium] › tests/e2e/accessibility.spec.ts:47:1 › B14 keyboard only: Change opens a modal with focus inside, Tab is trapped, the page behind is inert, Escape closes without applying and focus returns (3.9s)
  ✓   2 [chromium] › tests/e2e/accessibility.spec.ts:117:1 › B14 closing never applies: Escape, Close and the backdrop discard typed facts; Apply and Cancel put focus somewhere sensible (5.6s)
  ✓   3 [chromium] › tests/e2e/accessibility.spec.ts:166:1 › B14 if the opener is gone when the sheet closes, focus lands on a surviving control, never on <body> (1.3s)
  ✓   4 [chromium] › tests/e2e/accessibility.spec.ts:183:1 › B14 names and states: each night's controls are distinct; plan status, stale previews, conflicts and outstanding groceries are identifiable (3.9s)
  ✓   5 [chromium] › tests/e2e/accessibility.spec.ts:222:1 › B14 announcements: one per real change; routine refetches, polls and own reads announce nothing; only one live region (21.5s)
  ✓   6 [chromium] › tests/e2e/accessibility.spec.ts:252:1 › B14 background and return with a stale preview open in the sheet: focus stays in the sheet, Apply stays disabled, discarding returns focus (3.5s)
  ✓   7 [chromium] › tests/e2e/accessibility.spec.ts:283:1 › B14 grocery review during a dinner change: the reviewer keeps focus, sees the delta, and hears it once (4.7s)
  ✓   8 [chromium] › tests/e2e/accessibility.spec.ts:308:3 › B14 sheet at 320px with 150% text: fits, scrolls inside itself, never under the nav or header (2.7s)
  ✓   9 [chromium] › tests/e2e/accessibility.spec.ts:308:3 › B14 sheet at 390px with 150% text: fits, scrolls inside itself, never under the nav or header (2.1s)
  ✓  10 [chromium] › tests/e2e/accessibility.spec.ts:342:1 › B14 reduced motion: the sheet does not animate when the member asks for reduced motion (2.0s)
  ✓  11 [chromium] › tests/e2e/b12.staples.spec.ts:8:1 › B12: Alex makes a different yogurt the usual; Jon sees it live; the purchase still needs its own approval (3.1s)
  ✓  12 [chromium] › tests/e2e/b15-b16.spec.ts:55:1 › B15 product dialog: keyboard, trapped focus, Escape saves nothing, field errors are attached, a new choice withdraws the approval (3.3s)
  ✓  13 [chromium] › tests/e2e/b15-b16.spec.ts:106:1 › B15 order confirmation is two deliberate steps; Escape and Back save nothing; field errors are attached; focus lands on the new order (3.3s)
  ✓  14 [chromium] › tests/e2e/b15-b16.spec.ts:161:1 › B15 receipts: substitute, 'does it work', and corrections are labelled dialogs (no prompt()), with field errors and append-only results (4.2s)
  ✓  15 [chromium] › tests/e2e/b15-b16.spec.ts:224:1 › B15 uncertain transfer: the cart check needs a deliberate choice, Escape records nothing, and states are worded (2.2s)
  ✓  16 [chromium] › tests/e2e/b15-b16.spec.ts:259:1 › B15 removing a request needs confirmation, and the safe choice has focus (3.5s)
  ✓  17 [chromium] › tests/e2e/b15-b16.spec.ts:294:1 › B15 unavailable and unresolved lines are named as such to a screen reader (1.8s)
  ✓  18 [chromium] › tests/e2e/b15-b16.spec.ts:322:3 › B15 dialogs at 320px with 150% text fit, scroll themselves, and stay clear of the nav; reduced motion is respected (1.7s)
  ✓  19 [chromium] › tests/e2e/b15-b16.spec.ts:322:3 › B15 dialogs at 390px with 150% text fit, scroll themselves, and stay clear of the nav; reduced motion is respected (1.8s)
  ✓  20 [chromium] › tests/e2e/b15-b16.spec.ts:374:3 › Scenario E: a product dialog open during the other member's change keeps typed work and focus, and shows the conflict — Jon changes first (3.5s)
  ✓  21 [chromium] › tests/e2e/b15-b16.spec.ts:374:3 › Scenario E: a product dialog open during the other member's change keeps typed work and focus, and shows the conflict — Alex changes first (3.3s)
  ✓  22 [chromium] › tests/e2e/b15-b16.spec.ts:417:1 › Scenario E (server side): a stale product choice sent anyway is refused with the current product (1.3s)
  ✓  23 [chromium] › tests/e2e/b15-b16.spec.ts:432:3 › Scenario A: both members edit the same staple; the first save survives, the second sees the conflict and the current value, then resubmits — Jon saves first (3.4s)
  ✓  24 [chromium] › tests/e2e/b15-b16.spec.ts:432:3 › Scenario A: both members edit the same staple; the first save survives, the second sees the conflict and the current value, then resubmits — Alex saves first (4.7s)
  ✓  25 [chromium] › tests/e2e/b15-b16.spec.ts:471:1 › B16 Household: add, rename, change amount and product, remove and restore by keyboard; availability shown; both members see it; the shortcut follows (6.6s)
  ✓  26 [chromium] › tests/e2e/b17-household.spec.ts:42:1 › B17 settings: another member's save keeps what I typed, shows their values, holds Save until reviewed; my save lands on the reviewed revision (3.9s)
  ✓  27 [chromium] › tests/e2e/b17-household.spec.ts:103:1 › B17 settings: invalid budget, sessions and new-recipe limit are attached errors, the first takes focus, nothing is saved (2.0s)
  ✓  28 [chromium] › tests/e2e/b17-household.spec.ts:137:1 › B17 settings: a server rejection is a focused alert (1.7s)
  ✓  29 [chromium] › tests/e2e/b17-household.spec.ts:153:1 › B17 targets: distinct labels per scope, attached and focused errors, a valid save persists and is announced (1.9s)
  ✓  30 [chromium] › tests/e2e/b17-household.spec.ts:184:1 › B17 exclusions: empty term is an attached error, server rejection is shown, removal is a confirmation with Keep it as default (2.7s)
  ✓  31 [chromium] › tests/e2e/b17-household.spec.ts:248:1 › B17 ingredient review: no tags needs an explicit 'no allergen tags apply', else an attached error (1.8s)
  ✓  32 [chromium] › tests/e2e/b17-household.spec.ts:269:1 › B17 Household at 320px with 150% text: no horizontal overflow, errors and the exclusion dialog included (2.1s)
  ✓  33 [chromium] › tests/e2e/b17-plan-recipes.spec.ts:32:1 › B17 new recipe: a dialog with focus inside, per-row names, attached errors, row add/remove focus, and a discard guard (4.3s)
  ✓  34 [chromium] › tests/e2e/b17-plan-recipes.spec.ts:115:3 › B17 editing the same recipe: the second editor sees the new version, keeps typed work and focus, and saves on top only after review — Jon saves first (3.8s)
  ✓  35 [chromium] › tests/e2e/b17-plan-recipes.spec.ts:115:3 › B17 editing the same recipe: the second editor sees the new version, keeps typed work and focus, and saves on top only after review — Alex saves first (3.3s)
  ✓  36 [chromium] › tests/e2e/b17-plan-recipes.spec.ts:151:1 › B17 recipe lists: filter tabs are a real tablist; each row's controls are named by recipe; notes errors are attached (1.9s)
  ✓  37 [chromium] › tests/e2e/b17-plan-recipes.spec.ts:181:1 › B17 Explore and deferred dinners: distinct names, results reported, a placement preview takes focus (3.1s)
  ✓  38 [chromium] › tests/e2e/b17-plan-recipes.spec.ts:210:3 › B17 recipe editor at 320px with 150% text: fits, no sideways scroll, controls hittable (1.5s)
  ✓  39 [chromium] › tests/e2e/b17-plan-recipes.spec.ts:210:3 › B17 recipe editor at 390px with 150% text: fits, no sideways scroll, controls hittable (1.4s)
  ✓  40 [chromium] › tests/e2e/b17-plan-recipes.spec.ts:232:1 › B17 starting over from the other member's version replaces the draft with it and saves on top of it (4.2s)
  ✓  41 [chromium] › tests/e2e/first-slice.spec.ts:11:1 › T01: Jon previews Friday while Alex reviews groceries, then cancels — nothing accepted changes (2.9s)
  ✓  42 [chromium] › tests/e2e/first-slice.spec.ts:38:1 › T08: Alex changes Friday while Jon's Friday preview is open — Jon sees it without pressing Apply (3.2s)
  ✓  43 [chromium] › tests/e2e/first-slice.spec.ts:73:1 › T09: same as T08 while Jon's app is backgrounded; the newer decision and stale draft appear on return (3.6s)
  ✓  44 [chromium] › tests/e2e/first-slice.spec.ts:109:3 › T10: concurrent independent Friday and Sunday replacements — Jon (Sunday) commits first (4.0s)
  ✓  45 [chromium] › tests/e2e/first-slice.spec.ts:109:3 › T10: concurrent independent Friday and Sunday replacements — Alex (Friday) commits first (3.3s)
  ✓  46 [chromium] › tests/e2e/first-slice.spec.ts:141:3 › T11: concurrent replacements of Friday — Jon first (3.1s)
  ✓  47 [chromium] › tests/e2e/first-slice.spec.ts:141:3 › T11: concurrent replacements of Friday — Alex first (3.1s)
  ✓  48 [chromium] › tests/e2e/first-slice.spec.ts:169:1 › T12: adopting an old whole-week proposal after a newer accepted change stops and shows the current week (3.6s)
  ✓  49 [chromium] › tests/e2e/first-slice.spec.ts:199:1 › Reload preserves accepted state, previews and stale status (persistence, not browser memory) (3.5s)
  ✓  50 [chromium] › tests/e2e/first-slice.spec.ts:218:3 › T22: Wednesday and Thursday edits interact through the leftover source — Wednesday first (3.1s)
  ✓  51 [chromium] › tests/e2e/first-slice.spec.ts:218:3 › T22: Wednesday and Thursday edits interact through the leftover source — Thursday first (3.0s)
  ✓  52 [chromium] › tests/e2e/first-slice.spec.ts:243:1 › T15: a double-clicked Apply records one change (2.4s)
  ✓  53 [chromium] › tests/e2e/journey.spec.ts:10:1 › T02: Jon proposes, Alex adopts the displayed week; one accepted plan, no order/cooking/eating records (3.5s)
  ✓  54 [chromium] › tests/e2e/journey.spec.ts:34:1 › T03: Sounds good, preferences, favorites and notes persist without changing the accepted week (3.1s)
  ✓  55 [chromium] › tests/e2e/journey.spec.ts:62:1 › T04: a Wednesday preview shows Thursday's leftover consequence; a locked Thursday blocks it; cancel changes nothing (2.5s)
  ✓  56 [chromium] › tests/e2e/journey.spec.ts:86:1 › T05: dinners covered while a price is unknown — meals chosen, groceries and budget not asserted (1.3s)
  ✓  57 [chromium] › tests/e2e/journey.spec.ts:99:1 › T06: after adoption Home shows the next dinner and real work; Cook and Reheat open the right instructions; Also need is reachable (2.2s)
  ✓  58 [chromium] › tests/e2e/journey.spec.ts:131:1 › T07: less left than planned makes Thursday unresolved without replacing it (3.3s)
  ✓  59 [chromium] › tests/e2e/journey.spec.ts:147:1 › T13: Jon's Friday change reaches Alex's open grocery review as a delta; unaffected approvals stay; stale Send makes zero calls (3.7s)
  ✓  60 [chromium] › tests/e2e/journey.spec.ts:174:1 › T14/T20: simulated send, order confirmed with different contents, then a Friday change and receipt exceptions (5.2s)
  ✓  61 [chromium] › tests/e2e/journey.spec.ts:211:1 › T16: an uncertain transfer is shown as uncertain with a cart check, and is not resent (2.2s)
  ✓  62 [chromium] › tests/e2e/journey.spec.ts:226:1 › T18: repeated staple taps from Week, Groceries and Cook merge with names; an explicit extra stays extra (2.7s)
  ✓  63 [chromium] › tests/e2e/journey.spec.ts:250:1 › T21: editing a recipe in the library keeps the accepted dinner on its pinned version (2.0s)
  ✓  64 [chromium] › tests/e2e/review-regressions.spec.ts:11:1 › R-F01-UI: an incomplete proposal is shown as a draft and cannot be adopted (UI and server) (1.4s)
  ✓  65 [chromium] › tests/e2e/review-regressions.spec.ts:30:1 › R-F07-UI: Also need works before next week's dinners are chosen, and both members see it (2.5s)
  ✓  66 [chromium] › tests/e2e/review-regressions.spec.ts:51:1 › R-F06-UI: Have enough records the amount shown on screen (1.4s)
  ✓  67 [chromium] › tests/e2e/review-regressions.spec.ts:63:1 › Header overlap: at phone width the sticky header never covers a night's controls, at the top or scrolled (2.0s)
  ✓  68 [chromium] › tests/e2e/x-checks.spec.ts:10:1 › X01: unauthenticated and other-household sessions cannot read or write this household (2.1s)
  ✓  69 [chromium] › tests/e2e/x-checks.spec.ts:47:1 › X10: discovery — focus-stable search, real sorts with an unknown group, opening the selected recipe, persisted notes (1.9s)
  ✓  70 [chromium] › tests/e2e/x-checks.spec.ts:75:1 › X11: narrow mobile layout, keyboard operation, text scaling, distinct identities (5.7s)
  ✓  71 [chromium] › tests/e2e/x-checks.spec.ts:142:3 › process restart › X02: server restart, missed events and a delayed older response cannot roll back accepted state (12.4s)
  ✓  72 [chromium] › tests/e2e/x-checks.spec.ts:177:3 › process restart › X05: the server dies after dispatch started; on restart the transfer is uncertain and never replayed (5.8s)

  72 passed (4.1m)
