baseline clean: tests/integration/plan.contract.test.ts -t "T10" (2 executed, exit 0)
baseline clean: tests/integration/plan.contract.test.ts -t "T08|T11|T22" (7 executed, exit 0)
baseline clean: tests/integration/plan.contract.test.ts -t "T12" (2 executed, exit 0)
baseline clean: tests/integration/groceries.contract.test.ts -t "T13|T14" (2 executed, exit 0)
baseline clean: tests/integration/groceries.contract.test.ts -t "X03" (2 executed, exit 0)
baseline clean: tests/integration/groceries.contract.test.ts -t "T16" (2 executed, exit 0)
baseline clean: tests/integration/groceries.contract.test.ts -t "T17" (2 executed, exit 0)
baseline clean: tests/integration/review-regressions.test.ts -t "R-F01" (5 executed, exit 0)
baseline clean: tests/integration/review-regressions.test.ts -t "R-F02" (6 executed, exit 0)
baseline clean: tests/integration/review-regressions.test.ts -t "R-F03" (2 executed, exit 0)
baseline clean: tests/integration/review-regressions.test.ts -t "R-F04" (4 executed, exit 0)
baseline clean: tests/integration/review-regressions.test.ts -t "R-F05" (4 executed, exit 0)
baseline clean: tests/integration/review-regressions.test.ts -t "R-F06" (3 executed, exit 0)
baseline clean: tests/integration/review-regressions.test.ts -t "R-F07" (3 executed, exit 0)
baseline clean: tests/integration/review-regressions.test.ts -t "R-F08" (2 executed, exit 0)
baseline clean: tests/integration/b3.received-goods.test.ts -t "B3" (2 executed, exit 0)
baseline clean: tests/integration/b12.staple-products.test.ts -t "B12d" (2 executed, exit 0)
baseline clean: tests/integration/b12.staple-products.test.ts -t "B12" (7 executed, exit 0)
baseline clean: tests/integration/b12.staple-products.test.ts -t "B12b" (1 executed, exit 0)
baseline clean: tests/integration/b12.staple-products.test.ts -t "B12e" (1 executed, exit 0)
baseline clean: tests/integration/b12.staple-products.test.ts -t "B12f" (1 executed, exit 0)
baseline clean: tests/integration/b16.staple-management.test.ts -t "Scenario A" (4 executed, exit 0)
baseline clean: tests/integration/b16.staple-management.test.ts -t "B16c" (1 executed, exit 0)
baseline clean: tests/integration/b16.staple-management.test.ts -t "Scenario C" (1 executed, exit 0)
baseline clean: tests/integration/b16.staple-management.test.ts -t "B16a" (1 executed, exit 0)
baseline clean: tests/integration/b16.staple-management.test.ts -t "re-pointing" (1 executed, exit 0)
baseline clean: tests/integration/b16.staple-management.test.ts -t "another household" (1 executed, exit 0)
baseline clean: tests/integration/b16.staple-management.test.ts -t "substitution decision" (1 executed, exit 0)
baseline clean: tests/integration/b17.recipes.test.ts -t "B17" (4 executed, exit 0)
baseline clean: tests/integration/b17.recipes.test.ts -t "RB17-03" (1 executed, exit 0)
baseline clean: tests/unit/recipe-rebase.test.ts -t "RB17" (19 executed, exit 0)
baseline clean: tests/integration/b16.staple-management.test.ts -t "Scenario B/E" (2 executed, exit 0)
baseline clean: tests/integration/b5.kroger-connection.test.ts -t "B5 authorization callback" (8 executed, exit 0)
baseline clean: tests/integration/b5.kroger-dispatch.test.ts -t "204" (1 executed, exit 0)
baseline clean: tests/integration/b5.kroger-dispatch.test.ts -t "never replayed" (4 executed, exit 0)
baseline clean: tests/integration/b5.kroger-dispatch.test.ts -t "readiness" (3 executed, exit 0)
baseline clean: tests/integration/b5.kroger-connection.test.ts -t "refresh coordination" (6 executed, exit 0)
baseline clean: tests/unit/fdc-normalize.test.ts -t "B7" (18 executed, exit 0)
baseline clean: tests/integration/b7.nutrition.test.ts -t "B7 changed since review" (1 executed, exit 0)
baseline clean: tests/integration/b7.nutrition.test.ts -t "B7 competing" (4 executed, exit 0)
baseline clean: tests/integration/b7.nutrition.test.ts -t "B7 nutrition never rewrites" (2 executed, exit 0)
baseline clean: tests/integration/b9.dispatch-overlap.test.ts -t "B9" (7 executed, exit 0)
baseline clean: tests/integration/cook-records.test.ts -t "cook-record" (9 executed, exit 0)
baseline clean: tests/integration/b21-b22.test.ts -t "B21" (10 executed, exit 0)
baseline clean: tests/integration/b21-b22.test.ts -t "B22" (7 executed, exit 0)
baseline clean: tests/integration/ms-sources.test.ts -t "URL-02" (3 executed, exit 0)
baseline clean: tests/integration/ms-sources.test.ts -t "URL-11" (1 executed, exit 0)
baseline clean: tests/integration/ms-sources.test.ts -t "BB-02" (16 executed, exit 0)
baseline clean: tests/integration/ms-sources.test.ts -t "URL-05" (8 executed, exit 0)
baseline clean: tests/integration/ms-destinations.test.ts -t "GR-02" (1 executed, exit 0)
baseline clean: tests/integration/ms-destinations.test.ts -t "GR-10" (2 executed, exit 0)
baseline clean: tests/integration/ms-destinations.test.ts -t "IC-03" (1 executed, exit 0)
baseline clean: tests/unit/theme-contrast.test.ts -t "theme contrast" (4 executed, exit 0)
baseline clean: tests/integration/b9.account-recovery.test.ts -t "B9" (2 executed, exit 0)
baseline clean: tests/integration/u2c-url-import.test.ts -t "U-01" (4 executed, exit 0)
baseline clean: tests/integration/u2c-url-import.test.ts -t "U-04" (4 executed, exit 0)
baseline clean: tests/integration/import-overhaul.test.ts -t "IO-01" (1 executed, exit 0)
baseline clean: tests/integration/u2c-url-import.test.ts -t "U-06" (1 executed, exit 0)
baseline clean: tests/unit/recipe-import-live-transport.test.ts -t "LT-02" (1 executed, exit 0)
baseline clean: tests/integration/u2c-kroger-mapping.test.ts -t "KM-06" (1 executed, exit 0)
baseline clean: tests/integration/u2c-kroger-mapping.test.ts -t "KM-04" (1 executed, exit 0)
baseline clean: tests/integration/u2c-kroger-mapping.test.ts -t "KM-01" (1 executed, exit 0)
baseline clean: tests/integration/u2c-kroger-mapping.test.ts -t "KM-08" (1 executed, exit 0)
baseline clean: tests/integration/ruc01-source-policy.test.ts -t "R1-02" (1 executed, exit 0)
baseline clean: tests/integration/ruc01-source-policy.test.ts -t "R1-04" (1 executed, exit 0)
baseline clean: tests/integration/ruc01-source-policy.test.ts -t "R1-07" (1 executed, exit 0)
baseline clean: tests/integration/ruc02-purchase-basis.test.ts -t "R2-01" (1 executed, exit 0)
baseline clean: tests/integration/ruc02-purchase-basis.test.ts -t "R2-02" (1 executed, exit 0)
baseline clean: tests/integration/b10-partial-handoff.test.ts -t "B10-03" (1 executed, exit 0)
baseline clean: tests/integration/b10-partial-handoff.test.ts -t "B10-02" (1 executed, exit 0)
baseline clean: tests/integration/b10-partial-handoff.test.ts -t "B10-04" (1 executed, exit 0)
baseline clean: tests/integration/migrate-lock.test.ts -t "concurrent start-time runs" (5 executed, exit 0)
baseline clean: tests/integration/member-photo.test.ts -t "MP-02" (1 executed, exit 0)
baseline clean: tests/unit/recipe-import-ingredient-line.test.ts -t "pesto" (1 executed, exit 0)
baseline clean: tests/unit/seasonings.test.ts -t "groceries leave" (2 executed, exit 0)
baseline clean: tests/unit/seasonings.test.ts -t "isHouseholdSeasoning" (45 executed, exit 0)
baseline clean: tests/unit/seasonings.test.ts -t "Have enough" (1 executed, exit 0)
baseline clean: tests/integration/rio-corrections.test.ts -t "RIO-01" (4 executed, exit 0)
baseline clean: tests/integration/rio-corrections.test.ts -t "RIO-02" (4 executed, exit 0)
baseline clean: tests/unit/u2c-content-policy.test.ts -t "CP-02" (1 executed, exit 0)
KILLED   blanket_week_conflict — 2/2 failed by assertion: both survive, neither restores other nights, groceries are recalculated | both survive, neither restores other nights, groceries are recalculated
KILLED   last_write_wins — 5/7 failed by assertion: reports the current Friday and stale draft from the snapshot before Apply; the old draft cannot apply | one commits; the other makes no accepted write and keeps its draft | one commits; the other makes no accepted write and keeps its draft
KILLED   stale_adoption — 1/2 failed by assertion: never restores an obsolete seven-day snapshot
KILLED   stale_send — 2/2 failed by assertion: shows the delta, keeps unaffected approvals, and stale Send makes zero outbound calls | changes current requirements but never the confirmed order; new chicken is not sent; stale Send makes zero calls
KILLED   approvals_not_consumed — 2/2 failed by assertion: concurrent sends of the same review produce one transfer (first wins) | concurrent sends of the same review produce one transfer (second wins)
KILLED   uncertain_as_unsent — 1/2 failed by assertion: is uncertain and never replayed automatically; granularity stays batch-level
KILLED   dispatch_superseded — 1/2 failed by assertion: superseded queued work is canceled before dispatch-started (other race order)
KILLED   F01_admission_skipped — 3/5 failed by assertion: R-F01a: an empty recipe collection yields a draft of seven open nights that cannot be adopted | R-F01b: too few eligible recipes leaves named open nights; adoption refused | R-F01c: a submitted proposal with an uncovered Thursday or missing plates is refused at the server
KILLED   F02_locked_group_dropped — 2/6 failed by assertion: R-F02a: a locked Thursday leftover keeps its Wednesday source through a whole-week adoption
KILLED   F03_place_skips_exclusions — 1/2 failed by assertion: R-F03a: placing a deferred dinner that now violates an exclusion is refused
KILLED   F04_order_hides_transfers — 3/4 failed by assertion: R-F04a: a transfer acknowledged after the order is still counted; the same demand is not offered again | R-F04b: 'contents unknown' does not clear an uncertain transfer hold | R-F04c: an acknowledged transfer stays counted when the order's contents are unknown, and is flagged
KILLED   F05_substitute_counts_as_original — 2/4 failed by assertion: R-F05a: an unvalidated substitution does not cover the original need | R-F05b: an unsuitable substitution leaves the need actionable; a suitable smaller one covers only its amount
KILLED   F06_enough_uses_current_demand — 1/3 failed by assertion: R-F06a: a concurrent increase cannot enlarge Alex's assertion (change first)
KILLED   F07_capture_into_confirmed_pickup — 1/3 failed by assertion: R-F07b: after this week's order is confirmed, a new need goes to the next pickup, not the confirmed order
KILLED   F08_single_week_recompute — 2/2 failed by assertion: R-F08a: a price change made from week B invalidates week A's old review; old Send makes zero calls | R-F08b: a product mapping change from week B reaches week A's quantities
KILLED   B3_extra_cost_reprices_history — 1/2 failed by assertion: labels and favors options that use received, unallocated goods; extra cost excludes goods already received
KILLED   B12_stale_staple_overwrites — 2/2 failed by assertion: B12d: concurrent approvals cannot silently overwrite a newer decision — Jon first | B12d: concurrent approvals cannot silently overwrite a newer decision — Alex first
KILLED   B12_tap_ignores_remembered_product — 3/7 failed by assertion: B12b: future one-tap requests use the latest approved product and usual quantity; the outstanding purchase and its approval are untouched | B12c: confirmed orders and transfers stay unchanged; later needs route to the next pickup with the new product
KILLED   B12_decision_swaps_outstanding_purchase — 1/1 failed by assertion: B12b: future one-tap requests use the latest approved product and usual quantity; the outstanding purchase and its approval are untouched
KILLED   B12_unavailable_product_substituted — 1/1 failed by assertion: B12e: unknown or unavailable products are refused, and a remembered product that is unavailable leaves the line unresolved
KILLED   B12_usual_quantity_overwrites_product — 1/1 failed by assertion: B12f: remembering a usual quantity never changes the remembered product
KILLED   B16_stale_edit_applied — 3/4 failed by assertion: Scenario A: concurrent edits of one staple — the first decision survives, the second sees a conflict with the current value — Jon first | Scenario A: concurrent edits of one staple — the first decision survives, the second sees a conflict with the current value — Alex first
KILLED   B16_stale_removal_applied — 1/4 failed by assertion: Scenario A: an edit racing a removal — whichever commits second is refused — Jon first
KILLED   B16_removed_staple_still_a_shortcut — 1/1 failed by assertion: B16c: removing hides the shortcut only; restore brings it back; a removed staple cannot be edited or re-pointed
KILLED   B16_removal_drops_grocery_need — 1/1 failed by assertion: Scenario C: removing a staple with outstanding demand removes its shortcut, not the grocery need
KILLED   B16_measured_amount_rounds_down — 1/1 failed by assertion: B16a: add, view, rename and set a usual amount in packages or a measured unit; future taps use it
KILLED   B16_repoint_keeps_old_package_count — 1/1 failed by assertion: re-pointing a staple with a measured usual amount re-expresses it in the new product's packages, or refuses an unconvertible product
KILLED   B15_product_choice_any_household_week — 1/1 failed by assertion: a product choice naming another household's week is refused without revealing that week's product
KILLED   B15_substitution_decision_overwritten — 1/1 failed by assertion: a substitution decision made against an older view is refused, not silently replaced
KILLED   B17_stale_recipe_version_stacked — 3/4 failed by assertion: two edits made from the same version: the first saves, the second is refused with who saved what — Jon first | two edits made from the same version: the first saves, the second is refused with who saved what — Alex first
KILLED   RB17_03_version_optional_again — 1/1 failed by assertion: RB17-03: an edit of an existing recipe must name its version; missing, malformed and stale ones write nothing
KILLED   RB17_01_untouched_field_reverted — 7/19 failed by assertion: takes the newer steps and reheat text for fields the member did not touch, and keeps the member's title | never reverts fields the editor does not show: summary, source label, ingredient form and note
KILLED   RB17_01_conflict_decided_silently — 4/19 failed by assertion: does not decide for the member when both changed the same field; the explicit choice is applied as made
KILLED   RB17_02_occurrences_collapsed — 1/19 failed by assertion: adding or removing one of several identical occurrences is counted
KILLED   RB17_01_undecided_field_dropped — 1/19 failed by assertion: an undecided field survives a later version that changes something else; Save stays held
KILLED   RB17_01_older_version_rebased — 1/19 failed by assertion: a version that is not newer than the draft's base is ignored (late or out-of-order responses)
KILLED   RB17_02_compared_by_display_name — 2/19 failed by assertion: a shared-list rename of an ingredient (same key) is not a recipe change; a different ingredient key is
KILLED   RB17_01_compared_unlike_stored — 2/19 failed by assertion: values a save would store identically are not changes: re-typed names, whitespace, unit spellings, number forms | an edit that comes back to the stored value is not unsaved, and does not turn the other member's change into a conflict
KILLED   B15_stale_product_choice_applied — 2/2 failed by assertion: Scenario B/E: two product choices for the same pickup line made against the same view — Jon first | Scenario B/E: two product choices for the same pickup line made against the same view — Alex first
KILLED   B5_replayed_state_accepted — 2/8 failed by assertion: a replayed state is refused with no exchange and nothing changed
KILLED   B5_ack_recorded_per_line — 1/1 failed by assertion: 204: one PUT built from the frozen batch bytes; approvals consumed once; batch-level acknowledgment only; no order
KILLED   B5_timeout_recorded_as_failed — 2/4 failed by assertion: a timeout is uncertain at batch level and never replayed
KILLED   B5_ready_without_activation — 1/3 failed by assertion: stays false with full credentials present and no activation; zero calls, nothing frozen
KILLED   B5_token_stored_in_plaintext — 1/8 failed by assertion: exchanges the code once with Basic auth and stores tokens sealed (raw columns hold no token)
KILLED   B5_refresh_not_coordinated — 3/6 failed by assertion: a failed refresh (400 invalid refresh token) marks needs_reauthorization once and never loops | a failed refresh (a timeout (the token may have been consumed)) marks needs_reauthorization once and never loops | a failed refresh (a 500) marks needs_reauthorization once and never loops
KILLED   B7_missing_kcal_becomes_zero — 5/18 failed by assertion: no 208 or 958: energy from 957; a missing nutrient is unknown, never zero; unit case is ignored
KILLED   B7_serving_treated_as_100g — 1/18 failed by assertion: a 30 g label serving is offered as a portion; default values stay per 100 g
KILLED   B7_ml_serving_as_grams — 1/18 failed by assertion: a serving in ml has no gram weight and leaves the per-100 basis unknown
KILLED   B7_digest_not_checked — 1/1 failed by assertion: values that differ from the reviewed ones are refused with nothing written; the new values can then be reviewed and used
KILLED   B7_stale_revision_accepted — 4/4 failed by assertion: two matches made from the same revision: the first wins, the second is refused stale with nothing written (jon-first) | a clear racing a match from the same revision: one wins, the other is refused stale (jon-first) | two matches made from the same revision: the first wins, the second is refused stale with nothing written (alex-first)
KILLED   B7_allergen_flag_set_from_fdc — 1/2 failed by assertion: nutrition data is not allergen clearance: allergen flags, tags and exclusions are untouched
KILLED   B9_late_outcome_overwrites_uncertain — 2/7 failed by assertion: an outcome that arrives after the transfer was marked uncertain never overwrites it
KILLED   B9_startup_recovers_live_sends — 1/7 failed by assertion: a process starting while another is still sending does not mark that transfer uncertain
KILLED   B9_dispatch_unbounded — 2/7 failed by assertion: a store that never answers becomes uncertain within the dispatch bound, and a later answer does not change it
KILLED   B9_no_running_sweep — 1/7 failed by assertion: while the server keeps running, the periodic sweep marks a send whose process stopped, without a restart
KILLED   COOK_second_record_added — 4/9 failed by assertion: a second press by the same member (a new operation id) adds nothing and reports who recorded it and when | both members press at the same moment: exactly one record, the other is told it is already recorded — Jon first | both members press at the same moment: exactly one record, the other is told it is already recorded — Alex first
KILLED   COOK_correction_applied_twice — 1/9 failed by assertion: a correction is refused for a record already corrected, another household's record, or an unknown reason — and writes nothing
KILLED   COOK_history_counts_corrected — 1/9 failed by assertion: a mistaken record is corrected by an appended correction; history and 'new to you' ignore it; cooking can then be recorded again
KILLED   COOK_new_to_you_counts_corrected — 1/9 failed by assertion: a mistaken record is corrected by an appended correction; history and 'new to you' ignore it; cooking can then be recorded again
KILLED   COOK_snapshot_ignores_record — 1/9 failed by assertion: the household snapshot shows the night as already cooked, by whom
KILLED   B21_rerecord_without_link — 2/10 failed by assertion: a correction followed by legitimate re-recording still succeeds, and only the new record is effective
KILLED   B22_stale_event_accepted — 5/7 failed by assertion: an event no longer scheduled — replaced (Friday gets another recipe) — is refused as stale; the week and history are unchanged and the event is not restored | an event no longer scheduled — set aside as a backup (deferred) — is refused as stale; the week and history are unchanged and the event is not restored | an event no longer scheduled — removed (Friday set to out) — is refused as stale; the week and history are unchanged and the event is not restored
KILLED   B22_status_only — 1/7 failed by assertion: an event no longer scheduled — set aside as a backup (deferred) — is refused as stale; the week and history are unchanged and the event is not restored
KILLED   MS_link_dedup_by_raw_url — 2/3 failed by assertion: URL-02: both members save tracking variants of one page at once — one bookmark, both notes kept (Jon first) | URL-02: both members save tracking variants of one page at once — one bookmark, both notes kept (Alex first)
KILLED   MS_import_confirms_incomplete — 1/1 failed by assertion: URL-11/12: an incomplete draft can't be confirmed; a complete one becomes one imported version with its source, changing no plan
KILLED   MS_budget_bytes_page_read — 1/16 failed by assertion: BB-02/03: a Budget Bytes link is saved once, attributed, and never read — the member pastes or types the ingredients
KILLED   MS_fetch_private_address_allowed — 1/8 failed by assertion: URL-05: links resolving to private, mixed, metadata or mapped addresses, or redirecting there, are refused before any connection
KILLED   MS_destination_keeps_store_products — 1/1 failed by assertion: GR-02/03/06: switching to another store keeps meals, drops store products and prices, stales approvals and makes the old Send do nothing
KILLED   MS_destination_ignores_revision — 2/2 failed by assertion: GR-10: both members choose at once — the later choice is refused, nothing is lost silently (Jon first) | GR-10: both members choose at once — the later choice is refused, nothing is lost silently (Alex first)
KILLED   MS_instacart_stale_list_requested — 1/1 failed by assertion: IC-03: a stale list or a changed destination makes zero provider calls
KILLED   UI_light_text_too_faint — 1/4 failed by assertion: text pairs meet 4.5:1 and the focus outline meets 3:1
KILLED   UI_dark_text_too_faint — 1/4 failed by assertion: text pairs meet 4.5:1 and the focus outline meets 3:1
KILLED   B9_reset_keeps_sessions — 1/2 failed by assertion: replaces the member's password, ends that member's sessions, and leaves the other member alone
KILLED   B9_reset_any_account — 1/2 failed by assertion: refuses an unknown address, a non-member account and a short password, changing nothing
KILLED   U2C_content_kept_without_permission — 2/4 failed by assertion: U-01: pasting a link saves it and reads it at once; attribution, description and counts are kept, the method and photo are not (default) | U-03: a per-site grant keeps only what that site permitted; another site's grant keeps nothing
KILLED   U2C_photo_not_sniffed — 1/4 failed by assertion: U-04: a 'photo' that isn't one (HTML served as image/png) is not stored; the draft still opens and says so
KILLED   U2C_uncertain_line_used_unreviewed — 1/1 failed by assertion: IO-01: clean lines default to Use with exact amounts; only genuinely uncertain lines wait; seasonings are left out
KILLED   U2C_passing_problem_recorded — 1/1 failed by assertion: U-06: 404 is recorded on the link; 429 and 500 are passing problems (not recorded; retry allowed); a page without recipe data says so
KILLED   LT_certificate_not_verified — 1/1 failed by assertion: LT-02: refuses a certificate that isn't for the host, and one not signed by a trusted root (the system roots, as in production)
KILLED   KM_package_guessed — 1/1 failed by assertion: KM-06: a size Kroger states in words needs the member's package size; nothing is written until it is given
KILLED   KM_promo_recorded_as_regular — 1/1 failed by assertion: KM-04: choosing re-reads the product by id and records product (UPC), package, the store price (promo as promo) and the mapping
KILLED   KM_simulated_store_searches_kroger — 1/1 failed by assertion: KM-01: with the simulated store, or the products capability off, nothing is requested
KILLED   KM_choice_not_bound_to_seen — 1/1 failed by assertion: KM-08: a choice made against an outdated view of the line is refused (B15), and a new choice withdraws the line's approval
KILLED   RUC01_redirect_skips_read_policy — 1/1 failed by assertion: R1-02: an allowed link that redirects to Budget Bytes: zero requests to it, no draft, nothing credited to the first site's grant
KILLED   RUC01_grant_from_entry_url — 1/1 failed by assertion: R1-04: granted site → ungranted site: facts read from the actual page, nothing kept, attribution to the actual source
KILLED   RUC01_photo_from_any_host — 1/1 failed by assertion: R1-07: a same-site redirect keeps the grant; a photo on another host is not requested unless that host is authorized for the grant
KILLED   RUC02_weight_sold_accepted — 1/1 failed by assertion: R2-01: sold by weight + a typed 2 lb → refused with a reason; nothing written; the line and its estimate are unchanged
KILLED   RUC02_unknown_basis_accepted — 1/1 failed by assertion: R2-02: no sale basis, or one Table doesn't know → refused; a typed size doesn't make it a package
KILLED   B10_omissions_not_checked — 1/1 failed by assertion: B10-03: a changed omitted line, a changed selected line, a wrong acknowledgement or an unready pick → refused, zero retailer calls
KILLED   B10_unready_line_selectable — 1/1 failed by assertion: B10-03: a changed omitted line, a changed selected line, a wrong acknowledgement or an unready pick → refused, zero retailer calls
KILLED   B10_all_approvals_consumed — 1/1 failed by assertion: B10-02: the exact selected subset is frozen and sent; only its approvals are consumed; the remainder stays outstanding
KILLED   B10_firm_budget_relaxed — 1/1 failed by assertion: B10-04: another way of shopping, a firm budget that can't be confirmed, or a store that isn't ready → no partial send
KILLED   MIG_no_per_migration_lock — 2/5 failed by assertion: two runs at once on the previous release's database: both finish and the newest migration is applied once
KILLED   MP_unsniffed_photo_accepted — 1/1 failed by assertion: MP-02: bytes that aren't a photo (HTML declared as image/png) are refused and nothing is stored
KILLED   IO_thirds_rounded — 1/1 failed by assertion: "1/3 cup pesto (homemade (or store-bought))" → 1/3 cup "pesto" ("homemade (or store-bought)")
KILLED   IO_nested_note_left_in_name — 1/1 failed by assertion: "1/3 cup pesto (homemade (or store-bought))" → 1/3 cup "pesto" ("homemade (or store-bought)")
KILLED   IO_seasoning_bought — 2/2 failed by assertion: salt and black pepper make no grocery line and no payload; the bell pepper does; both are named as left out
KILLED   IO_bell_pepper_is_seasoning — 18/45 failed by assertion: "red bell pepper" → not a household seasoning | "bell pepper" → not a household seasoning | "jalapeño pepper" → not a household seasoning
KILLED   HE_enough_compared_unrounded — 1/1 failed by assertion: a demand with more than 3 decimals is covered by the 3-decimal amount the member confirmed
KILLED   RIO01_per_serving_rounded_half_up — 2/4 failed by assertion: RIO-01: a whole recipe planned as its servings buys its packages, not one more | RIO-01b: exactly on a package boundary — the approval, the partial transfer and the retailer request all carry the exact count
KILLED   RIO02_bare_pepper_always_seasoning — 1/4 failed by assertion: RIO-02: a pepper bought by the piece is an ingredient; table pepper by the spoon is a seasoning
KILLED   RIO02_descriptors_discarded — 2/4 failed by assertion: RIO-02a: a new import keeps the three specialty lines as ingredients and still leaves ordinary salt and pepper out
KILLED   RIO02_classifier_ignores_descriptors — 1/4 failed by assertion: RIO-02b: a recipe saved earlier with the descriptor in its ingredient name is bought; its ordinary salt and black pepper are not
KILLED   IO_private_mode_copies_photos — 1/1 failed by assertion: CP-02: the household-private setting keeps the method (not the photo) for any readable site — never Budget Bytes
PASS: 104 killed, 0 survived, 0 error — logs in /tmp/table-verify-43cd1ce-20261009T234506Z/mutation
