
Running 32 tests using 1 worker

  ✓   1 [chromium] › tests/e2e/first-slice.spec.ts:11:1 › T01: Jon previews Friday while Alex reviews groceries, then cancels — nothing accepted changes (3.5s)
  ✓   2 [chromium] › tests/e2e/first-slice.spec.ts:38:1 › T08: Alex changes Friday while Jon's Friday preview is open — Jon sees it without pressing Apply (3.4s)
  ✓   3 [chromium] › tests/e2e/first-slice.spec.ts:73:1 › T09: same as T08 while Jon's app is backgrounded; the newer decision and stale draft appear on return (3.0s)
  ✓   4 [chromium] › tests/e2e/first-slice.spec.ts:109:3 › T10: concurrent independent Friday and Sunday replacements — Jon (Sunday) commits first (3.7s)
  ✓   5 [chromium] › tests/e2e/first-slice.spec.ts:109:3 › T10: concurrent independent Friday and Sunday replacements — Alex (Friday) commits first (2.9s)
  ✓   6 [chromium] › tests/e2e/first-slice.spec.ts:141:3 › T11: concurrent replacements of Friday — Jon first (2.8s)
  ✓   7 [chromium] › tests/e2e/first-slice.spec.ts:141:3 › T11: concurrent replacements of Friday — Alex first (2.7s)
  ✓   8 [chromium] › tests/e2e/first-slice.spec.ts:169:1 › T12: adopting an old whole-week proposal after a newer accepted change stops and shows the current week (3.6s)
  ✓   9 [chromium] › tests/e2e/first-slice.spec.ts:199:1 › Reload preserves accepted state, previews and stale status (persistence, not browser memory) (3.5s)
  ✓  10 [chromium] › tests/e2e/first-slice.spec.ts:218:3 › T22: Wednesday and Thursday edits interact through the leftover source — Wednesday first (2.9s)
  ✓  11 [chromium] › tests/e2e/first-slice.spec.ts:218:3 › T22: Wednesday and Thursday edits interact through the leftover source — Thursday first (2.7s)
  ✓  12 [chromium] › tests/e2e/first-slice.spec.ts:243:1 › T15: a double-clicked Apply records one change (2.3s)
  ✓  13 [chromium] › tests/e2e/journey.spec.ts:10:1 › T02: Jon proposes, Alex adopts the displayed week; one accepted plan, no order/cooking/eating records (2.6s)
  ✓  14 [chromium] › tests/e2e/journey.spec.ts:34:1 › T03: Sounds good, preferences, favorites and notes persist without changing the accepted week (3.2s)
  ✓  15 [chromium] › tests/e2e/journey.spec.ts:62:1 › T04: a Wednesday preview shows Thursday's leftover consequence; a locked Thursday blocks it; cancel changes nothing (2.2s)
  ✓  16 [chromium] › tests/e2e/journey.spec.ts:81:1 › T05: dinners covered while a price is unknown — meals chosen, groceries and budget not asserted (1.3s)
  ✓  17 [chromium] › tests/e2e/journey.spec.ts:94:1 › T06: after adoption Home shows the next dinner and real work; Cook and Reheat open the right instructions; Also need is reachable (2.1s)
  ✓  18 [chromium] › tests/e2e/journey.spec.ts:126:1 › T07: less left than planned makes Thursday unresolved without replacing it (2.6s)
  ✓  19 [chromium] › tests/e2e/journey.spec.ts:142:1 › T13: Jon's Friday change reaches Alex's open grocery review as a delta; unaffected approvals stay; stale Send makes zero calls (4.0s)
  ✓  20 [chromium] › tests/e2e/journey.spec.ts:169:1 › T14/T20: simulated send, order confirmed with different contents, then a Friday change and receipt exceptions (4.1s)
  ✓  21 [chromium] › tests/e2e/journey.spec.ts:204:1 › T16: an uncertain transfer is shown as uncertain with a cart check, and is not resent (2.0s)
  ✓  22 [chromium] › tests/e2e/journey.spec.ts:219:1 › T18: repeated staple taps from Week, Groceries and Cook merge with names; an explicit extra stays extra (2.6s)
  ✓  23 [chromium] › tests/e2e/journey.spec.ts:243:1 › T21: editing a recipe in the library keeps the accepted dinner on its pinned version (1.8s)
  ✓  24 [chromium] › tests/e2e/review-regressions.spec.ts:11:1 › R-F01-UI: an incomplete proposal is shown as a draft and cannot be adopted (UI and server) (1.5s)
  ✓  25 [chromium] › tests/e2e/review-regressions.spec.ts:30:1 › R-F07-UI: Also need works before next week's dinners are chosen, and both members see it (2.5s)
  ✓  26 [chromium] › tests/e2e/review-regressions.spec.ts:50:1 › R-F06-UI: Have enough records the amount shown on screen (1.6s)
  ✓  27 [chromium] › tests/e2e/review-regressions.spec.ts:62:1 › Header overlap: at phone width the sticky header never covers a night's controls, at the top or scrolled (2.0s)
  ✓  28 [chromium] › tests/e2e/x-checks.spec.ts:10:1 › X01: unauthenticated and other-household sessions cannot read or write this household (2.2s)
  ✓  29 [chromium] › tests/e2e/x-checks.spec.ts:47:1 › X10: discovery — focus-stable search, real sorts with an unknown group, opening the selected recipe, persisted notes (2.1s)
  ✓  30 [chromium] › tests/e2e/x-checks.spec.ts:75:1 › X11: narrow mobile layout, keyboard operation, text scaling, distinct identities (5.8s)
  ✓  31 [chromium] › tests/e2e/x-checks.spec.ts:142:3 › process restart › X02: server restart, missed events and a delayed older response cannot roll back accepted state (12.6s)
  ✓  32 [chromium] › tests/e2e/x-checks.spec.ts:177:3 › process restart › X05: the server dies after dispatch started; on restart the transfer is uncertain and never replayed (5.8s)

  32 passed (1.8m)
