(!) Your Vite config uses features that are unsupported by `configLoader: 'native'`, which is planned to become the default in a future major version of Vite:
  - `__dirname` (vitest.config.ts:5:41). Use `import.meta.dirname` instead
Set `VITE_CONFIG_NATIVE_IGNORE_WARNING=true` to suppress this warning.

 RUN  v5.0.3 /home/user/table

 ❯ tests/integration/x12.environment.test.ts (4 tests | 1 failed | 3 skipped) 1241ms
   ❯ X12 export omits secrets and round-trips into an isolated database (2)
     × an export lists rows in the same order whatever plan the database chooses (index or sequential scan) 1239ms

⎯⎯⎯⎯⎯⎯⎯ Failed Tests 1 ⎯⎯⎯⎯⎯⎯⎯

 FAIL  tests/integration/x12.environment.test.ts > X12 export omits secrets and round-trips into an isolated database > an export lists rows in the same order whatever plan the database chooses (index or sequential scan)
AssertionError: expected { households: [ { …(8) } ], …(49) } to deeply equal { households: [ { …(8) } ], …(49) }

- Expected
+ Received

@@ -498,56 +498,56 @@
    ],
    "ingredient_nutrition": [
      {
        "basis_qty": "100",
        "basis_unit": "g",
-       "calories": "177",
-       "carbs_g": "0",
+       "calories": "34",
+       "carbs_g": "6.6",
        "data_type": null,
-       "fat_g": "8.2",
+       "fat_g": "0.4",
        "fdc_id": null,
        "form": "raw",
        "household_id": "16364ff8-30cc-4596-b5d7-f3f41652b88b",
-       "ingredient_key": "chicken_thigh",
+       "ingredient_key": "broccoli",
        "match_id": null,
-       "protein_g": "24.2",
+       "protein_g": "2.8",
        "provenance_kind": "fixture_synthetic",
        "retrieved_at": null,
        "source": "FIXTURE — synthetic test values, not nutrition data",
        "synthetic": true,
      },
      {
        "basis_qty": "100",
        "basis_unit": "g",
-       "calories": "365",
-       "carbs_g": "80",
+       "calories": "177",
+       "carbs_g": "0",
        "data_type": null,
-       "fat_g": "0.7",
+       "fat_g": "8.2",
        "fdc_id": null,
        "form": "raw",
        "household_id": "16364ff8-30cc-4596-b5d7-f3f41652b88b",
-       "ingredient_key": "rice",
+       "ingredient_key": "chicken_thigh",
        "match_id": null,
-       "protein_g": "7.1",
+       "protein_g": "24.2",
        "provenance_kind": "fixture_synthetic",
        "retrieved_at": null,
        "source": "FIXTURE — synthetic test values, not nutrition data",
        "synthetic": true,
      },
      {
-       "basis_qty": "100",
-       "basis_unit": "g",
-       "calories": "34",
-       "carbs_g": "6.6",
+       "basis_qty": "1",
+       "basis_unit": "each",
+       "calories": "45",
+       "carbs_g": "11",
        "data_type": null,
-       "fat_g": "0.4",
+       "fat_g": "0.3",
        "fdc_id": null,
        "form": "raw",
        "household_id": "16364ff8-30cc-4596-b5d7-f3f41652b88b",
-       "ingredient_key": "broccoli",
+       "ingredient_key": "cucumber",
        "match_id": null,
-       "protein_g": "2.8",
+       "protein_g": "2",
        "provenance_kind": "fixture_synthetic",
        "retrieved_at": null,
        "source": "FIXTURE — synthetic test values, not nutrition data",
        "synthetic": true,
      },
@@ -570,38 +570,38 @@
        "synthetic": true,
      },
      {
        "basis_qty": "100",
        "basis_unit": "g",
-       "calories": "208",
-       "carbs_g": "0",
+       "calories": "365",
+       "carbs_g": "80",
        "data_type": null,
-       "fat_g": "13",
+       "fat_g": "0.7",
        "fdc_id": null,
        "form": "raw",
        "household_id": "16364ff8-30cc-4596-b5d7-f3f41652b88b",
-       "ingredient_key": "salmon",
+       "ingredient_key": "rice",
        "match_id": null,
-       "protein_g": "20",
+       "protein_g": "7.1",
        "provenance_kind": "fixture_synthetic",
        "retrieved_at": null,
        "source": "FIXTURE — synthetic test values, not nutrition data",
        "synthetic": true,
      },
      {
-       "basis_qty": "1",
-       "basis_unit": "each",
-       "calories": "45",
-       "carbs_g": "11",
+       "basis_qty": "100",
+       "basis_unit": "g",
+       "calories": "208",
+       "carbs_g": "0",
        "data_type": null,
-       "fat_g": "0.3",
+       "fat_g": "13",
        "fdc_id": null,
        "form": "raw",
        "household_id": "16364ff8-30cc-4596-b5d7-f3f41652b88b",
-       "ingredient_key": "cucumber",
+       "ingredient_key": "salmon",
        "match_id": null,
-       "protein_g": "2",
+       "protein_g": "20",
        "provenance_kind": "fixture_synthetic",
        "retrieved_at": null,
        "source": "FIXTURE — synthetic test values, not nutrition data",
        "synthetic": true,
      },
@@ -627,24 +627,14 @@
    "ingredients": [
      {
        "allergen_info_known": true,
        "fixture": true,
        "household_id": "16364ff8-30cc-4596-b5d7-f3f41652b88b",
-       "key": "chicken_thigh",
-       "name": "Chicken thighs",
-       "tags": [
-         "poultry",
-       ],
-     },
-     {
-       "allergen_info_known": true,
-       "fixture": true,
-       "household_id": "16364ff8-30cc-4596-b5d7-f3f41652b88b",
-       "key": "rice",
-       "name": "Jasmine rice",
+       "key": "black_beans",
+       "name": "Black beans (canned)",
        "tags": [
-         "grain",
+         "legume",
        ],
      },
      {
        "allergen_info_known": true,
        "fixture": true,
@@ -657,24 +647,24 @@
      },
      {
        "allergen_info_known": true,
        "fixture": true,
        "household_id": "16364ff8-30cc-4596-b5d7-f3f41652b88b",
-       "key": "olive_oil",
-       "name": "Olive oil",
+       "key": "cheese",
+       "name": "Cheddar cheese",
        "tags": [
-         "oil",
+         "dairy",
        ],
      },
      {
        "allergen_info_known": true,
        "fixture": true,
        "household_id": "16364ff8-30cc-4596-b5d7-f3f41652b88b",
-       "key": "salmon",
-       "name": "Salmon fillet",
+       "key": "chicken_thigh",
+       "name": "Chicken thighs",
        "tags": [
-         "fish",
+         "poultry",
        ],
      },
      {
        "allergen_info_known": true,
        "fixture": true,
@@ -687,66 +677,63 @@
      },
      {
        "allergen_info_known": true,
        "fixture": true,
        "household_id": "16364ff8-30cc-4596-b5d7-f3f41652b88b",
-       "key": "black_beans",
-       "name": "Black beans (canned)",
+       "key": "greek_yogurt",
+       "name": "Plain Greek yogurt",
        "tags": [
-         "legume",
+         "dairy",
        ],
      },
      {
        "allergen_info_known": true,
        "fixture": true,
        "household_id": "16364ff8-30cc-4596-b5d7-f3f41652b88b",
-       "key": "tortillas",
-       "name": "Corn tortillas",
+       "key": "ground_turkey",
+       "name": "Ground turkey",
        "tags": [
-         "grain",
+         "poultry",
        ],
      },
      {
        "allergen_info_known": true,
        "fixture": true,
        "household_id": "16364ff8-30cc-4596-b5d7-f3f41652b88b",
-       "key": "cheese",
-       "name": "Cheddar cheese",
+       "key": "kidney_beans",
+       "name": "Kidney beans (canned)",
        "tags": [
-         "dairy",
+         "legume",
        ],
      },
      {
        "allergen_info_known": true,
        "fixture": true,
        "household_id": "16364ff8-30cc-4596-b5d7-f3f41652b88b",
-       "key": "tofu",
-       "name": "Firm tofu",
+       "key": "olive_oil",
+       "name": "Olive oil",
        "tags": [
-         "soy",
+         "oil",
        ],
      },
      {
        "allergen_info_known": true,
        "fixture": true,
        "household_id": "16364ff8-30cc-4596-b5d7-f3f41652b88b",
-       "key": "soy_sauce",
-       "name": "Soy sauce",
+       "key": "pasta",
+       "name": "Penne pasta",
        "tags": [
-         "soy",
          "wheat",
        ],
      },
      {
-       "allergen_info_known": true,
+       "allergen_info_known": false,
        "fixture": true,
        "household_id": "16364ff8-30cc-4596-b5d7-f3f41652b88b",
-       "key": "greek_yogurt",
-       "name": "Plain Greek yogurt",
-       "tags": [
-         "dairy",
-       ],
+       "key": "pesto",
+       "name": "Basil pesto (store-bought)",
+       "tags": [],
      },
      {
        "allergen_info_known": true,
        "fixture": true,
        "household_id": "16364ff8-30cc-4596-b5d7-f3f41652b88b",
@@ -758,51 +745,64 @@
      },
      {
        "allergen_info_known": true,
        "fixture": true,
        "household_id": "16364ff8-30cc-4596-b5d7-f3f41652b88b",
-       "key": "pasta",
-       "name": "Penne pasta",
+       "key": "rice",
+       "name": "Jasmine rice",
        "tags": [
-         "wheat",
+         "grain",
        ],
      },
      {
        "allergen_info_known": true,
        "fixture": true,
        "household_id": "16364ff8-30cc-4596-b5d7-f3f41652b88b",
-       "key": "tomato_sauce",
-       "name": "Tomato sauce",
-       "tags": [],
+       "key": "salmon",
+       "name": "Salmon fillet",
+       "tags": [
+         "fish",
+       ],
      },
      {
        "allergen_info_known": true,
        "fixture": true,
        "household_id": "16364ff8-30cc-4596-b5d7-f3f41652b88b",
-       "key": "ground_turkey",
-       "name": "Ground turkey",
+       "key": "soy_sauce",
+       "name": "Soy sauce",
        "tags": [
-         "poultry",
+         "soy",
+         "wheat",
        ],
      },
      {
        "allergen_info_known": true,
        "fixture": true,
        "household_id": "16364ff8-30cc-4596-b5d7-f3f41652b88b",
-       "key": "kidney_beans",
-       "name": "Kidney beans (canned)",
+       "key": "tofu",
+       "name": "Firm tofu",
        "tags": [
-         "legume",
+         "soy",
        ],
      },
      {
-       "allergen_info_known": false,
+       "allergen_info_known": true,
        "fixture": true,
        "household_id": "16364ff8-30cc-4596-b5d7-f3f41652b88b",
-       "key": "pesto",
-       "name": "Basil pesto (store-bought)",
+       "key": "tomato_sauce",
+       "name": "Tomato sauce",
        "tags": [],
+     },
+     {
+       "allergen_info_known": true,
+       "fixture": true,
+       "household_id": "16364ff8-30cc-4596-b5d7-f3f41652b88b",
+       "key": "tortillas",
+       "name": "Corn tortillas",
+       "tags": [
+         "grain",
+       ],
      },
    ],
    "interests": [],
    "kroger_connection_events": [],
    "leftover_observations": [],
@@ -1028,148 +1028,148 @@
    "product_mappings": [
      {
        "decided_at": "2026-10-08T21:54:41.391Z",
        "decided_by": "3ef06785-e7b9-4fb8-8e20-633809e63bbe",
        "household_id": "16364ff8-30cc-4596-b5d7-f3f41652b88b",
-       "ingredient_key": "chicken_thigh",
-       "product_id": "cf95bab6-ac17-4b1b-9e3a-671e108392e3",
+       "ingredient_key": "black_beans",
+       "product_id": "8e68cd57-91c9-442e-895d-147034eaa308",
        "suitable": true,
      },
      {
        "decided_at": "2026-10-08T21:54:41.391Z",
        "decided_by": "3ef06785-e7b9-4fb8-8e20-633809e63bbe",
        "household_id": "16364ff8-30cc-4596-b5d7-f3f41652b88b",
-       "ingredient_key": "rice",
-       "product_id": "dc79b85b-dd2b-4943-af18-ff0ad82bb99d",
+       "ingredient_key": "broccoli",
+       "product_id": "0140dfdd-7d6f-4301-89ae-37855c1db1f0",
        "suitable": true,
      },
      {
        "decided_at": "2026-10-08T21:54:41.391Z",
        "decided_by": "3ef06785-e7b9-4fb8-8e20-633809e63bbe",
        "household_id": "16364ff8-30cc-4596-b5d7-f3f41652b88b",
-       "ingredient_key": "broccoli",
-       "product_id": "0140dfdd-7d6f-4301-89ae-37855c1db1f0",
+       "ingredient_key": "cheese",
+       "product_id": "c49801f7-4c26-4e98-bf38-701a071c94e8",
        "suitable": true,
      },
      {
        "decided_at": "2026-10-08T21:54:41.391Z",
        "decided_by": "3ef06785-e7b9-4fb8-8e20-633809e63bbe",
        "household_id": "16364ff8-30cc-4596-b5d7-f3f41652b88b",
-       "ingredient_key": "olive_oil",
-       "product_id": "d61fea40-1513-4f6b-8c3b-33b358826ff4",
+       "ingredient_key": "chicken_thigh",
+       "product_id": "cf95bab6-ac17-4b1b-9e3a-671e108392e3",
        "suitable": true,
      },
      {
        "decided_at": "2026-10-08T21:54:41.391Z",
        "decided_by": "3ef06785-e7b9-4fb8-8e20-633809e63bbe",
        "household_id": "16364ff8-30cc-4596-b5d7-f3f41652b88b",
-       "ingredient_key": "salmon",
-       "product_id": "cabe5723-df94-408f-a46f-0beffc9ceec3",
+       "ingredient_key": "cucumber",
+       "product_id": "d961f328-d0d1-46a9-adae-d3c26ce550f8",
        "suitable": true,
      },
      {
        "decided_at": "2026-10-08T21:54:41.391Z",
        "decided_by": "3ef06785-e7b9-4fb8-8e20-633809e63bbe",
        "household_id": "16364ff8-30cc-4596-b5d7-f3f41652b88b",
-       "ingredient_key": "cucumber",
-       "product_id": "d961f328-d0d1-46a9-adae-d3c26ce550f8",
+       "ingredient_key": "greek_yogurt",
+       "product_id": "fc1d6cc3-4eb0-4942-9bfc-acd381fab71f",
        "suitable": true,
      },
      {
        "decided_at": "2026-10-08T21:54:41.391Z",
        "decided_by": "3ef06785-e7b9-4fb8-8e20-633809e63bbe",
        "household_id": "16364ff8-30cc-4596-b5d7-f3f41652b88b",
-       "ingredient_key": "black_beans",
-       "product_id": "8e68cd57-91c9-442e-895d-147034eaa308",
+       "ingredient_key": "ground_turkey",
+       "product_id": "f400f4f5-ecea-4ed2-a624-230d7719d537",
        "suitable": true,
      },
      {
        "decided_at": "2026-10-08T21:54:41.391Z",
        "decided_by": "3ef06785-e7b9-4fb8-8e20-633809e63bbe",
        "household_id": "16364ff8-30cc-4596-b5d7-f3f41652b88b",
-       "ingredient_key": "tortillas",
-       "product_id": "15e658e3-b865-4ccc-9394-fa098ac653c7",
+       "ingredient_key": "kidney_beans",
+       "product_id": "3053dc87-5a8d-41f1-b1ae-c604ff7c2562",
        "suitable": true,
      },
      {
        "decided_at": "2026-10-08T21:54:41.391Z",
        "decided_by": "3ef06785-e7b9-4fb8-8e20-633809e63bbe",
        "household_id": "16364ff8-30cc-4596-b5d7-f3f41652b88b",
-       "ingredient_key": "cheese",
-       "product_id": "c49801f7-4c26-4e98-bf38-701a071c94e8",
+       "ingredient_key": "olive_oil",
+       "product_id": "d61fea40-1513-4f6b-8c3b-33b358826ff4",
        "suitable": true,
      },
      {
        "decided_at": "2026-10-08T21:54:41.391Z",
        "decided_by": "3ef06785-e7b9-4fb8-8e20-633809e63bbe",
        "household_id": "16364ff8-30cc-4596-b5d7-f3f41652b88b",
-       "ingredient_key": "tofu",
-       "product_id": "217ea1ca-617c-4466-a2e8-43a0759e9d82",
+       "ingredient_key": "pasta",
+       "product_id": "ba8e958b-b4e8-4c36-ac30-706b0ad90a51",
        "suitable": true,
      },
      {
        "decided_at": "2026-10-08T21:54:41.391Z",
        "decided_by": "3ef06785-e7b9-4fb8-8e20-633809e63bbe",
        "household_id": "16364ff8-30cc-4596-b5d7-f3f41652b88b",
-       "ingredient_key": "soy_sauce",
-       "product_id": "a9a6054f-9ded-4153-a648-90665acae00e",
+       "ingredient_key": "pesto",
+       "product_id": "18f9b1f5-af16-4bdf-b489-34551c989388",
        "suitable": true,
      },
      {
        "decided_at": "2026-10-08T21:54:41.391Z",
        "decided_by": "3ef06785-e7b9-4fb8-8e20-633809e63bbe",
        "household_id": "16364ff8-30cc-4596-b5d7-f3f41652b88b",
-       "ingredient_key": "greek_yogurt",
-       "product_id": "fc1d6cc3-4eb0-4942-9bfc-acd381fab71f",
+       "ingredient_key": "pita",
+       "product_id": "d2cfa734-0c59-4908-970d-84e7c43bb340",
        "suitable": true,
      },
      {
        "decided_at": "2026-10-08T21:54:41.391Z",
        "decided_by": "3ef06785-e7b9-4fb8-8e20-633809e63bbe",
        "household_id": "16364ff8-30cc-4596-b5d7-f3f41652b88b",
-       "ingredient_key": "pita",
-       "product_id": "d2cfa734-0c59-4908-970d-84e7c43bb340",
+       "ingredient_key": "rice",
+       "product_id": "dc79b85b-dd2b-4943-af18-ff0ad82bb99d",
        "suitable": true,
      },
      {
        "decided_at": "2026-10-08T21:54:41.391Z",
        "decided_by": "3ef06785-e7b9-4fb8-8e20-633809e63bbe",
        "household_id": "16364ff8-30cc-4596-b5d7-f3f41652b88b",
-       "ingredient_key": "pasta",
-       "product_id": "ba8e958b-b4e8-4c36-ac30-706b0ad90a51",
+       "ingredient_key": "salmon",
+       "product_id": "cabe5723-df94-408f-a46f-0beffc9ceec3",
        "suitable": true,
      },
      {
        "decided_at": "2026-10-08T21:54:41.391Z",
        "decided_by": "3ef06785-e7b9-4fb8-8e20-633809e63bbe",
        "household_id": "16364ff8-30cc-4596-b5d7-f3f41652b88b",
-       "ingredient_key": "tomato_sauce",
-       "product_id": "649997ce-0174-4978-a65c-be8aa4056556",
+       "ingredient_key": "soy_sauce",
+       "product_id": "a9a6054f-9ded-4153-a648-90665acae00e",
        "suitable": true,
      },
      {
        "decided_at": "2026-10-08T21:54:41.391Z",
        "decided_by": "3ef06785-e7b9-4fb8-8e20-633809e63bbe",
        "household_id": "16364ff8-30cc-4596-b5d7-f3f41652b88b",
-       "ingredient_key": "ground_turkey",
-       "product_id": "f400f4f5-ecea-4ed2-a624-230d7719d537",
+       "ingredient_key": "tofu",
+       "product_id": "217ea1ca-617c-4466-a2e8-43a0759e9d82",
        "suitable": true,
      },
      {
        "decided_at": "2026-10-08T21:54:41.391Z",
        "decided_by": "3ef06785-e7b9-4fb8-8e20-633809e63bbe",
        "household_id": "16364ff8-30cc-4596-b5d7-f3f41652b88b",
-       "ingredient_key": "kidney_beans",
-       "product_id": "3053dc87-5a8d-41f1-b1ae-c604ff7c2562",
+       "ingredient_key": "tomato_sauce",
+       "product_id": "649997ce-0174-4978-a65c-be8aa4056556",
        "suitable": true,
      },
      {
        "decided_at": "2026-10-08T21:54:41.391Z",
        "decided_by": "3ef06785-e7b9-4fb8-8e20-633809e63bbe",
        "household_id": "16364ff8-30cc-4596-b5d7-f3f41652b88b",
-       "ingredient_key": "pesto",
-       "product_id": "18f9b1f5-af16-4bdf-b489-34551c989388",
+       "ingredient_key": "tortillas",
+       "product_id": "15e658e3-b865-4ccc-9394-fa098ac653c7",
        "suitable": true,
      },
    ],
    "products": [
      {
@@ -1413,27 +1413,15 @@
    "recipe_bookmark_saves": [],
    "recipe_bookmarks": [],
    "recipe_components": [
      {
        "key": "main",
-       "name": "Tofu",
-       "recipe_version_id": "c4a1c968-7ee3-418a-9ebe-06a139acf912",
+       "name": "Pesto pasta",
+       "recipe_version_id": "3542eb86-72b9-4756-b830-bf9d5895f856",
        "sort": 0,
      },
      {
-       "key": "base",
-       "name": "Rice",
-       "recipe_version_id": "c4a1c968-7ee3-418a-9ebe-06a139acf912",
-       "sort": 3,
-     },
-     {
-       "key": "veg",
-       "name": "Broccoli",
-       "recipe_version_id": "c4a1c968-7ee3-418a-9ebe-06a139acf912",
-       "sort": 5,
-     },
-     {
        "key": "protein",
        "name": "Chicken",
        "recipe_version_id": "417d259b-e7dc-489c-bc23-5131aaebb26c",
        "sort": 0,
      },
@@ -1449,25 +1437,19 @@
        "recipe_version_id": "417d259b-e7dc-489c-bc23-5131aaebb26c",
        "sort": 4,
      },
      {
        "key": "protein",
-       "name": "Salmon",
-       "recipe_version_id": "de4e8cf9-97ae-4c6b-a474-c6bedd7cd2d0",
+       "name": "Chicken",
+       "recipe_version_id": "7d44c1eb-9a74-40dc-86ef-2fe42482dca3",
        "sort": 0,
      },
      {
        "key": "base",
-       "name": "Rice",
-       "recipe_version_id": "de4e8cf9-97ae-4c6b-a474-c6bedd7cd2d0",
+       "name": "Penne in sauce",
+       "recipe_version_id": "7d44c1eb-9a74-40dc-86ef-2fe42482dca3",
        "sort": 2,
-     },
-     {
-       "key": "veg",
-       "name": "Cucumber",
-       "recipe_version_id": "de4e8cf9-97ae-4c6b-a474-c6bedd7cd2d0",
-       "sort": 4,
      },
      {
        "key": "filling",
        "name": "Beans and cheese",
        "recipe_version_id": "88732cf5-4fd7-4ab7-97a4-861548dbbf82",
@@ -1478,50 +1460,68 @@
        "name": "Tortillas",
        "recipe_version_id": "88732cf5-4fd7-4ab7-97a4-861548dbbf82",
        "sort": 3,
      },
      {
-       "key": "protein",
-       "name": "Chicken",
-       "recipe_version_id": "fc9afc29-daeb-4bf1-babf-a014ecd53700",
+       "key": "main",
+       "name": "Tofu",
+       "recipe_version_id": "c4a1c968-7ee3-418a-9ebe-06a139acf912",
        "sort": 0,
      },
      {
-       "key": "sauce",
-       "name": "Yogurt sauce",
-       "recipe_version_id": "fc9afc29-daeb-4bf1-babf-a014ecd53700",
-       "sort": 2,
+       "key": "base",
+       "name": "Rice",
+       "recipe_version_id": "c4a1c968-7ee3-418a-9ebe-06a139acf912",
+       "sort": 3,
      },
      {
-       "key": "side",
-       "name": "Pita and cucumber",
-       "recipe_version_id": "fc9afc29-daeb-4bf1-babf-a014ecd53700",
-       "sort": 4,
+       "key": "veg",
+       "name": "Broccoli",
+       "recipe_version_id": "c4a1c968-7ee3-418a-9ebe-06a139acf912",
+       "sort": 5,
      },
      {
+       "key": "main",
+       "name": "Chili",
+       "recipe_version_id": "d19d7f10-8a30-49d1-b615-345bc96866c3",
+       "sort": 0,
+     },
+     {
        "key": "protein",
-       "name": "Chicken",
-       "recipe_version_id": "7d44c1eb-9a74-40dc-86ef-2fe42482dca3",
+       "name": "Salmon",
+       "recipe_version_id": "de4e8cf9-97ae-4c6b-a474-c6bedd7cd2d0",
        "sort": 0,
      },
      {
        "key": "base",
-       "name": "Penne in sauce",
-       "recipe_version_id": "7d44c1eb-9a74-40dc-86ef-2fe42482dca3",
+       "name": "Rice",
+       "recipe_version_id": "de4e8cf9-97ae-4c6b-a474-c6bedd7cd2d0",
        "sort": 2,
      },
      {
-       "key": "main",
-       "name": "Chili",
-       "recipe_version_id": "d19d7f10-8a30-49d1-b615-345bc96866c3",
-       "sort": 0,
+       "key": "veg",
+       "name": "Cucumber",
+       "recipe_version_id": "de4e8cf9-97ae-4c6b-a474-c6bedd7cd2d0",
+       "sort": 4,
      },
      {
-       "key": "main",
-       "name": "Pesto pasta",
-       "recipe_version_id": "3542eb86-72b9-4756-b830-bf9d5895f856",
+       "key": "protein",
+       "name": "Chicken",
+       "recipe_version_id": "fc9afc29-daeb-4bf1-babf-a014ecd53700",
        "sort": 0,
+     },
+     {
+       "key": "sauce",
+       "name": "Yogurt sauce",
+       "recipe_version_id": "fc9afc29-daeb-4bf1-babf-a014ecd53700",
+       "sort": 2,
+     },
+     {
+       "key": "side",
+       "name": "Pita and cucumber",
+       "recipe_version_id": "fc9afc29-daeb-4bf1-babf-a014ecd53700",
+       "sort": 4,
      },
    ],
    "recipe_images": [],
    "recipe_import_drafts": [],
    "recipe_ingredients": [

 ❯ tests/integration/x12.environment.test.ts:103:21
    101|     const bySeqScan = await exportWith("SET enable_indexscan = off; SE…
    102|     const byIndex = await exportWith("SET enable_seqscan = off");
    103|     expect(byIndex).toEqual(bySeqScan);
       |                     ^
    104|   });
    105| });

⎯⎯⎯⎯⎯⎯⎯⎯⎯⎯⎯⎯⎯⎯⎯⎯⎯⎯⎯⎯⎯⎯⎯⎯[1/1]⎯


 Test Files  1 failed (1)
      Tests  1 failed | 3 skipped (4)
   Start at  21:54:39
   Duration  2.91s (tests 46%, transform 34%, import 20%)

