▲ Next.js 16.3.8 (Turbopack)
✓ Running next.config.ts took 31ms

  Creating an optimized production build ...
✓ Compiled successfully in 242ms
  Running TypeScript ...
  Finished TypeScript in 2.4s ...
  Collecting page data using 3 workers ...
  Generating static pages using 3 workers (0/3) ...
✓ Generating static pages using 3 workers (3/3) in 148ms
  Finalizing page optimization ...

Route (app)
┌ ƒ /
├ ○ /_not-found
├ ƒ /api/auth/[...all]
├ ƒ /api/commands/[name]
├ ƒ /api/events
├ ƒ /api/export
├ ƒ /api/library
├ ƒ /api/snapshot
├ ƒ /cook/[night]
├ ƒ /explore
├ ƒ /groceries
├ ƒ /household
├ ○ /login
├ ƒ /recipes
└ ƒ /recipes/[id]


○  (Static)   prerendered as static content
ƒ  (Dynamic)  server-rendered on demand

