baseline clean: tests/integration/plan.contract.test.ts -t "T10" (2 executed, exit 0)
baseline clean: tests/integration/plan.contract.test.ts -t "T08|T11|T22" (7 executed, exit 0)
baseline clean: tests/integration/plan.contract.test.ts -t "T12" (2 executed, exit 0)
baseline clean: tests/integration/groceries.contract.test.ts -t "T13|T14" (2 executed, exit 0)
baseline clean: tests/integration/groceries.contract.test.ts -t "X03" (2 executed, exit 0)
baseline clean: tests/integration/groceries.contract.test.ts -t "T16" (2 executed, exit 0)
baseline clean: tests/integration/groceries.contract.test.ts -t "T17" (2 executed, exit 0)
baseline clean: tests/integration/review-regressions.test.ts -t "R-F01" (5 executed, exit 0)
baseline clean: tests/integration/review-regressions.test.ts -t "R-F02" (6 executed, exit 0)
baseline clean: tests/integration/review-regressions.test.ts -t "R-F03" (2 executed, exit 0)
baseline clean: tests/integration/review-regressions.test.ts -t "R-F04" (4 executed, exit 0)
baseline clean: tests/integration/review-regressions.test.ts -t "R-F05" (4 executed, exit 0)
baseline clean: tests/integration/review-regressions.test.ts -t "R-F06" (3 executed, exit 0)
baseline clean: tests/integration/review-regressions.test.ts -t "R-F07" (3 executed, exit 0)
baseline clean: tests/integration/review-regressions.test.ts -t "R-F08" (2 executed, exit 0)
baseline clean: tests/integration/b3.received-goods.test.ts -t "B3" (2 executed, exit 0)
baseline clean: tests/integration/b12.staple-products.test.ts -t "B12d" (2 executed, exit 0)
baseline clean: tests/integration/b12.staple-products.test.ts -t "B12" (7 executed, exit 0)
baseline clean: tests/integration/b12.staple-products.test.ts -t "B12b" (1 executed, exit 0)
baseline clean: tests/integration/b12.staple-products.test.ts -t "B12e" (1 executed, exit 0)
baseline clean: tests/integration/b12.staple-products.test.ts -t "B12f" (1 executed, exit 0)
baseline clean: tests/integration/b16.staple-management.test.ts -t "Scenario A" (4 executed, exit 0)
baseline clean: tests/integration/b16.staple-management.test.ts -t "B16c" (1 executed, exit 0)
baseline clean: tests/integration/b16.staple-management.test.ts -t "Scenario C" (1 executed, exit 0)
baseline clean: tests/integration/b16.staple-management.test.ts -t "B16a" (1 executed, exit 0)
baseline clean: tests/integration/b16.staple-management.test.ts -t "re-pointing" (1 executed, exit 0)
baseline clean: tests/integration/b16.staple-management.test.ts -t "another household" (1 executed, exit 0)
baseline clean: tests/integration/b16.staple-management.test.ts -t "substitution decision" (1 executed, exit 0)
baseline clean: tests/integration/b16.staple-management.test.ts -t "Scenario B/E" (2 executed, exit 0)
KILLED   blanket_week_conflict — 2/2 failed by assertion: both survive, neither restores other nights, groceries are recalculated | both survive, neither restores other nights, groceries are recalculated
KILLED   last_write_wins — 5/7 failed by assertion: reports the current Friday and stale draft from the snapshot before Apply; the old draft cannot apply | one commits; the other makes no accepted write and keeps its draft | one commits; the other makes no accepted write and keeps its draft
KILLED   stale_adoption — 1/2 failed by assertion: never restores an obsolete seven-day snapshot
KILLED   stale_send — 2/2 failed by assertion: shows the delta, keeps unaffected approvals, and stale Send makes zero outbound calls | changes current requirements but never the confirmed order; new chicken is not sent; stale Send makes zero calls
KILLED   approvals_not_consumed — 2/2 failed by assertion: concurrent sends of the same review produce one transfer (first wins) | concurrent sends of the same review produce one transfer (second wins)
KILLED   uncertain_as_unsent — 1/2 failed by assertion: is uncertain and never replayed automatically; granularity stays batch-level
KILLED   dispatch_superseded — 1/2 failed by assertion: superseded queued work is canceled before dispatch-started (other race order)
KILLED   F01_admission_skipped — 3/5 failed by assertion: R-F01a: an empty recipe collection yields a draft of seven open nights that cannot be adopted | R-F01b: too few eligible recipes leaves named open nights; adoption refused | R-F01c: a submitted proposal with an uncovered Thursday or missing plates is refused at the server
KILLED   F02_locked_group_dropped — 2/6 failed by assertion: R-F02a: a locked Thursday leftover keeps its Wednesday source through a whole-week adoption
KILLED   F03_place_skips_exclusions — 1/2 failed by assertion: R-F03a: placing a deferred dinner that now violates an exclusion is refused
KILLED   F04_order_hides_transfers — 3/4 failed by assertion: R-F04a: a transfer acknowledged after the order is still counted; the same demand is not offered again | R-F04b: 'contents unknown' does not clear an uncertain transfer hold | R-F04c: an acknowledged transfer stays counted when the order's contents are unknown, and is flagged
KILLED   F05_substitute_counts_as_original — 2/4 failed by assertion: R-F05a: an unvalidated substitution does not cover the original need | R-F05b: an unsuitable substitution leaves the need actionable; a suitable smaller one covers only its amount
KILLED   F06_enough_uses_current_demand — 1/3 failed by assertion: R-F06a: a concurrent increase cannot enlarge Alex's assertion (change first)
KILLED   F07_capture_into_confirmed_pickup — 1/3 failed by assertion: R-F07b: after this week's order is confirmed, a new need goes to the next pickup, not the confirmed order
KILLED   F08_single_week_recompute — 2/2 failed by assertion: R-F08a: a price change made from week B invalidates week A's old review; old Send makes zero calls | R-F08b: a product mapping change from week B reaches week A's quantities
KILLED   B3_extra_cost_reprices_history — 1/2 failed by assertion: labels and favors options that use received, unallocated goods; extra cost excludes goods already received
KILLED   B12_stale_staple_overwrites — 2/2 failed by assertion: B12d: concurrent approvals cannot silently overwrite a newer decision — Jon first | B12d: concurrent approvals cannot silently overwrite a newer decision — Alex first
KILLED   B12_tap_ignores_remembered_product — 3/7 failed by assertion: B12b: future one-tap requests use the latest approved product and usual quantity; the outstanding purchase and its approval are untouched | B12c: confirmed orders and transfers stay unchanged; later needs route to the next pickup with the new product
KILLED   B12_decision_swaps_outstanding_purchase — 1/1 failed by assertion: B12b: future one-tap requests use the latest approved product and usual quantity; the outstanding purchase and its approval are untouched
KILLED   B12_unavailable_product_substituted — 1/1 failed by assertion: B12e: unknown or unavailable products are refused, and a remembered product that is unavailable leaves the line unresolved
KILLED   B12_usual_quantity_overwrites_product — 1/1 failed by assertion: B12f: remembering a usual quantity never changes the remembered product
KILLED   B16_stale_edit_applied — 3/4 failed by assertion: Scenario A: concurrent edits of one staple — the first decision survives, the second sees a conflict with the current value — Jon first | Scenario A: concurrent edits of one staple — the first decision survives, the second sees a conflict with the current value — Alex first
KILLED   B16_stale_removal_applied — 1/4 failed by assertion: Scenario A: an edit racing a removal — whichever commits second is refused — Jon first
KILLED   B16_removed_staple_still_a_shortcut — 1/1 failed by assertion: B16c: removing hides the shortcut only; restore brings it back; a removed staple cannot be edited or re-pointed
KILLED   B16_removal_drops_grocery_need — 1/1 failed by assertion: Scenario C: removing a staple with outstanding demand removes its shortcut, not the grocery need
KILLED   B16_measured_amount_rounds_down — 1/1 failed by assertion: B16a: add, view, rename and set a usual amount in packages or a measured unit; future taps use it
KILLED   B16_repoint_keeps_old_package_count — 1/1 failed by assertion: re-pointing a staple with a measured usual amount re-expresses it in the new product's packages, or refuses an unconvertible product
KILLED   B15_product_choice_any_household_week — 1/1 failed by assertion: a product choice naming another household's week is refused without revealing that week's product
KILLED   B15_substitution_decision_overwritten — 1/1 failed by assertion: a substitution decision made against an older view is refused, not silently replaced
KILLED   B15_stale_product_choice_applied — 2/2 failed by assertion: Scenario B/E: two product choices for the same pickup line made against the same view — Jon first | Scenario B/E: two product choices for the same pickup line made against the same view — Alex first
PASS: 30 killed, 0 survived, 0 error — logs in /tmp/table-verify-5f7b72f/mutation
