
Running 43 tests using 1 worker

  ✓   1 [chromium] › tests/e2e/accessibility.spec.ts:47:1 › B14 keyboard only: Change opens a modal with focus inside, Tab is trapped, the page behind is inert, Escape closes without applying and focus returns (4.3s)
  ✓   2 [chromium] › tests/e2e/accessibility.spec.ts:117:1 › B14 closing never applies: Escape, Close and the backdrop discard typed facts; Apply and Cancel put focus somewhere sensible (5.5s)
  ✓   3 [chromium] › tests/e2e/accessibility.spec.ts:166:1 › B14 if the opener is gone when the sheet closes, focus lands on a surviving control, never on <body> (1.2s)
  ✓   4 [chromium] › tests/e2e/accessibility.spec.ts:183:1 › B14 names and states: each night's controls are distinct; plan status, stale previews, conflicts and outstanding groceries are identifiable (3.6s)
  ✓   5 [chromium] › tests/e2e/accessibility.spec.ts:222:1 › B14 announcements: one per real change; routine refetches, polls and own reads announce nothing; only one live region (20.8s)
  ✓   6 [chromium] › tests/e2e/accessibility.spec.ts:252:1 › B14 background and return with a stale preview open in the sheet: focus stays in the sheet, Apply stays disabled, discarding returns focus (3.5s)
  ✓   7 [chromium] › tests/e2e/accessibility.spec.ts:283:1 › B14 grocery review during a dinner change: the reviewer keeps focus, sees the delta, and hears it once (4.7s)
  ✓   8 [chromium] › tests/e2e/accessibility.spec.ts:308:3 › B14 sheet at 320px with 150% text: fits, scrolls inside itself, never under the nav or header (2.6s)
  ✓   9 [chromium] › tests/e2e/accessibility.spec.ts:308:3 › B14 sheet at 390px with 150% text: fits, scrolls inside itself, never under the nav or header (2.1s)
  ✓  10 [chromium] › tests/e2e/accessibility.spec.ts:342:1 › B14 reduced motion: the sheet does not animate when the member asks for reduced motion (2.1s)
  ✓  11 [chromium] › tests/e2e/b12.staples.spec.ts:8:1 › B12: Alex makes a different yogurt the usual; Jon sees it live; the purchase still needs its own approval (3.0s)
  ✓  12 [chromium] › tests/e2e/first-slice.spec.ts:11:1 › T01: Jon previews Friday while Alex reviews groceries, then cancels — nothing accepted changes (3.0s)
  ✓  13 [chromium] › tests/e2e/first-slice.spec.ts:38:1 › T08: Alex changes Friday while Jon's Friday preview is open — Jon sees it without pressing Apply (3.0s)
  ✓  14 [chromium] › tests/e2e/first-slice.spec.ts:73:1 › T09: same as T08 while Jon's app is backgrounded; the newer decision and stale draft appear on return (3.2s)
  ✓  15 [chromium] › tests/e2e/first-slice.spec.ts:109:3 › T10: concurrent independent Friday and Sunday replacements — Jon (Sunday) commits first (3.9s)
  ✓  16 [chromium] › tests/e2e/first-slice.spec.ts:109:3 › T10: concurrent independent Friday and Sunday replacements — Alex (Friday) commits first (3.4s)
  ✓  17 [chromium] › tests/e2e/first-slice.spec.ts:141:3 › T11: concurrent replacements of Friday — Jon first (3.0s)
  ✓  18 [chromium] › tests/e2e/first-slice.spec.ts:141:3 › T11: concurrent replacements of Friday — Alex first (3.0s)
  ✓  19 [chromium] › tests/e2e/first-slice.spec.ts:169:1 › T12: adopting an old whole-week proposal after a newer accepted change stops and shows the current week (3.6s)
  ✓  20 [chromium] › tests/e2e/first-slice.spec.ts:199:1 › Reload preserves accepted state, previews and stale status (persistence, not browser memory) (3.2s)
  ✓  21 [chromium] › tests/e2e/first-slice.spec.ts:218:3 › T22: Wednesday and Thursday edits interact through the leftover source — Wednesday first (3.3s)
  ✓  22 [chromium] › tests/e2e/first-slice.spec.ts:218:3 › T22: Wednesday and Thursday edits interact through the leftover source — Thursday first (3.3s)
  ✓  23 [chromium] › tests/e2e/first-slice.spec.ts:243:1 › T15: a double-clicked Apply records one change (2.3s)
  ✓  24 [chromium] › tests/e2e/journey.spec.ts:10:1 › T02: Jon proposes, Alex adopts the displayed week; one accepted plan, no order/cooking/eating records (3.5s)
  ✓  25 [chromium] › tests/e2e/journey.spec.ts:34:1 › T03: Sounds good, preferences, favorites and notes persist without changing the accepted week (3.2s)
  ✓  26 [chromium] › tests/e2e/journey.spec.ts:62:1 › T04: a Wednesday preview shows Thursday's leftover consequence; a locked Thursday blocks it; cancel changes nothing (2.4s)
  ✓  27 [chromium] › tests/e2e/journey.spec.ts:86:1 › T05: dinners covered while a price is unknown — meals chosen, groceries and budget not asserted (1.4s)
  ✓  28 [chromium] › tests/e2e/journey.spec.ts:99:1 › T06: after adoption Home shows the next dinner and real work; Cook and Reheat open the right instructions; Also need is reachable (2.1s)
  ✓  29 [chromium] › tests/e2e/journey.spec.ts:131:1 › T07: less left than planned makes Thursday unresolved without replacing it (3.1s)
  ✓  30 [chromium] › tests/e2e/journey.spec.ts:147:1 › T13: Jon's Friday change reaches Alex's open grocery review as a delta; unaffected approvals stay; stale Send makes zero calls (4.0s)
  ✓  31 [chromium] › tests/e2e/journey.spec.ts:174:1 › T14/T20: simulated send, order confirmed with different contents, then a Friday change and receipt exceptions (4.2s)
  ✓  32 [chromium] › tests/e2e/journey.spec.ts:209:1 › T16: an uncertain transfer is shown as uncertain with a cart check, and is not resent (2.2s)
  ✓  33 [chromium] › tests/e2e/journey.spec.ts:224:1 › T18: repeated staple taps from Week, Groceries and Cook merge with names; an explicit extra stays extra (2.6s)
  ✓  34 [chromium] › tests/e2e/journey.spec.ts:248:1 › T21: editing a recipe in the library keeps the accepted dinner on its pinned version (1.6s)
  ✓  35 [chromium] › tests/e2e/review-regressions.spec.ts:11:1 › R-F01-UI: an incomplete proposal is shown as a draft and cannot be adopted (UI and server) (1.4s)
  ✓  36 [chromium] › tests/e2e/review-regressions.spec.ts:30:1 › R-F07-UI: Also need works before next week's dinners are chosen, and both members see it (2.5s)
  ✓  37 [chromium] › tests/e2e/review-regressions.spec.ts:51:1 › R-F06-UI: Have enough records the amount shown on screen (1.5s)
  ✓  38 [chromium] › tests/e2e/review-regressions.spec.ts:63:1 › Header overlap: at phone width the sticky header never covers a night's controls, at the top or scrolled (2.0s)
  ✓  39 [chromium] › tests/e2e/x-checks.spec.ts:10:1 › X01: unauthenticated and other-household sessions cannot read or write this household (2.0s)
  ✓  40 [chromium] › tests/e2e/x-checks.spec.ts:47:1 › X10: discovery — focus-stable search, real sorts with an unknown group, opening the selected recipe, persisted notes (2.2s)
  ✓  41 [chromium] › tests/e2e/x-checks.spec.ts:75:1 › X11: narrow mobile layout, keyboard operation, text scaling, distinct identities (5.8s)
  ✓  42 [chromium] › tests/e2e/x-checks.spec.ts:142:3 › process restart › X02: server restart, missed events and a delayed older response cannot roll back accepted state (12.6s)
  ✓  43 [chromium] › tests/e2e/x-checks.spec.ts:177:3 › process restart › X05: the server dies after dispatch started; on restart the transfer is uncertain and never replayed (5.7s)

  43 passed (2.7m)
